Archive member included to satisfy reference by file (symbol)

/home/student/RIOT/tests/leds/bin/stm32f0discovery/core.a(sched.o)
                              /home/student/RIOT/tests/leds/bin/stm32f0discovery/newlib_syscalls_default/syscalls.o (sched_active_pid)
/home/student/RIOT/tests/leds/bin/stm32f0discovery/core.a(bitarithm.o)
                              /home/student/RIOT/tests/leds/bin/stm32f0discovery/core.a(sched.o) (MultiplyDeBruijnBitPosition)
/home/student/RIOT/tests/leds/bin/stm32f0discovery/cortexm_common.a(thread_arch.o)
                              /home/student/RIOT/tests/leds/bin/stm32f0discovery/core.a(sched.o) (cpu_switch_context_exit)
/home/student/RIOT/tests/leds/bin/stm32f0discovery/cortexm_common.a(vectors_cortexm.o)
                              /home/student/RIOT/tests/leds/bin/stm32f0discovery/cpu/vectors.o (dummy_handler_default)
/home/student/RIOT/tests/leds/bin/stm32f0discovery/cortexm_common.a(irq_arch.o)
                              /home/student/RIOT/tests/leds/bin/stm32f0discovery/newlib_syscalls_default/syscalls.o (irq_disable)
/home/student/RIOT/tests/leds/bin/stm32f0discovery/div.a(div.o)
                              /home/student/RIOT/tests/leds/bin/stm32f0discovery/newlib_syscalls_default/syscalls.o (_div_mulhi64)
/home/student/RIOT/tests/leds/bin/stm32f0discovery/stm32_common_periph.a(pm.o)
                              /home/student/RIOT/tests/leds/bin/stm32f0discovery/newlib_syscalls_default/syscalls.o (pm_off)
/home/student/RIOT/tests/leds/bin/stm32f0discovery/uart_stdio.a(uart_stdio.o)
                              /home/student/RIOT/tests/leds/bin/stm32f0discovery/newlib_syscalls_default/syscalls.o (uart_stdio_init)
/home/student/RIOT/tests/leds/bin/stm32f0discovery/xtimer.a(xtimer_core.o)
                              /home/student/RIOT/tests/leds/bin/stm32f0discovery/newlib_syscalls_default/syscalls.o (_xtimer_now64)
/home/student/RIOT/tests/leds/bin/stm32f0discovery/board.a(board.o)
                              /home/student/RIOT/tests/leds/bin/stm32f0discovery/cortexm_common.a(vectors_cortexm.o) (board_init)
/home/student/RIOT/tests/leds/bin/stm32f0discovery/core.a(panic.o)
                              /home/student/RIOT/tests/leds/bin/stm32f0discovery/cortexm_common.a(vectors_cortexm.o) (core_panic)
/home/student/RIOT/tests/leds/bin/stm32f0discovery/core.a(kernel_init.o)
                              /home/student/RIOT/tests/leds/bin/stm32f0discovery/cortexm_common.a(vectors_cortexm.o) (kernel_init)
/home/student/RIOT/tests/leds/bin/stm32f0discovery/core.a(thread.o)
                              /home/student/RIOT/tests/leds/bin/stm32f0discovery/core.a(kernel_init.o) (thread_create)
/home/student/RIOT/tests/leds/bin/stm32f0discovery/isrpipe.a(isrpipe.o)
                              /home/student/RIOT/tests/leds/bin/stm32f0discovery/uart_stdio.a(uart_stdio.o) (isrpipe_write_one)
/home/student/RIOT/tests/leds/bin/stm32f0discovery/pm_layered.a(pm.o)
                              /home/student/RIOT/tests/leds/bin/stm32f0discovery/core.a(kernel_init.o) (pm_set_lowest)
/home/student/RIOT/tests/leds/bin/stm32f0discovery/stm32_common.a(stmclk.o)
                              /home/student/RIOT/tests/leds/bin/stm32f0discovery/stm32_common_periph.a(pm.o) (stmclk_init_sysclk)
/home/student/RIOT/tests/leds/bin/stm32f0discovery/stm32_common.a(stmclk_common.o)
                              /home/student/RIOT/tests/leds/bin/stm32f0discovery/stm32_common.a(stmclk.o) (stmclk_enable_hsi)
/home/student/RIOT/tests/leds/bin/stm32f0discovery/stm32_common.a(stm_status.o)
                              /home/student/RIOT/tests/leds/bin/stm32f0discovery/stm32_common.a(stmclk.o) (cpu_status)
/home/student/RIOT/tests/leds/bin/stm32f0discovery/stm32_common.a(cpu_init.o)
                              /home/student/RIOT/tests/leds/bin/stm32f0discovery/board.a(board.o) (cpu_init)
/home/student/RIOT/tests/leds/bin/stm32f0discovery/stm32_common.a(cpu_common.o)
                              /home/student/RIOT/tests/leds/bin/stm32f0discovery/stm32_common.a(cpu_init.o) (periph_clk_en)
/home/student/RIOT/tests/leds/bin/stm32f0discovery/stm32_common_periph.a(uart.o)
                              /home/student/RIOT/tests/leds/bin/stm32f0discovery/uart_stdio.a(uart_stdio.o) (uart_write)
/home/student/RIOT/tests/leds/bin/stm32f0discovery/stm32_common_periph.a(gpio.o)
                              /home/student/RIOT/tests/leds/bin/stm32f0discovery/board.a(board.o) (gpio_init)
/home/student/RIOT/tests/leds/bin/stm32f0discovery/stm32_common_periph.a(timer.o)
                              /home/student/RIOT/tests/leds/bin/stm32f0discovery/xtimer.a(xtimer_core.o) (timer_set_absolute)
/home/student/RIOT/tests/leds/bin/stm32f0discovery/tsrb.a(tsrb.o)
                              /home/student/RIOT/tests/leds/bin/stm32f0discovery/isrpipe.a(isrpipe.o) (tsrb_get)
/home/student/RIOT/tests/leds/bin/stm32f0discovery/periph_common.a(init.o)
[...]
Memory Configuration

Name             Origin             Length             Attributes
ccmram           0x0000000010000000 0x0000000000000000
rom              0x0000000008000000 0x0000000000010000 xr
ram              0x0000000020000000 0x0000000000002000 w !xr
*default*        0x0000000000000000 0xffffffffffffffff

Linker script and memory map

LOAD /home/student/RIOT/tests/leds/bin/stm32f0discovery/cpu/vectors.o
LOAD /home/student/RIOT/tests/leds/bin/stm32f0discovery/newlib_syscalls_default/syscalls.o
START GROUP
LOAD /home/student/RIOT/tests/leds/bin/stm32f0discovery/application_tests_leds.a
LOAD /home/student/RIOT/tests/leds/bin/stm32f0discovery/auto_init.a
LOAD /home/student/RIOT/tests/leds/bin/stm32f0discovery/board.a
LOAD /home/student/RIOT/tests/leds/bin/stm32f0discovery/core.a
LOAD /home/student/RIOT/tests/leds/bin/stm32f0discovery/cortexm_common.a
LOAD /home/student/RIOT/tests/leds/bin/stm32f0discovery/cortexm_common_periph.a
LOAD /home/student/RIOT/tests/leds/bin/stm32f0discovery/cpu.a
LOAD /home/student/RIOT/tests/leds/bin/stm32f0discovery/div.a
LOAD /home/student/RIOT/tests/leds/bin/stm32f0discovery/isrpipe.a
LOAD /home/student/RIOT/tests/leds/bin/stm32f0discovery/newlib_syscalls_default.a
LOAD /home/student/RIOT/tests/leds/bin/stm32f0discovery/periph.a
LOAD /home/student/RIOT/tests/leds/bin/stm32f0discovery/pm_layered.a
LOAD /home/student/RIOT/tests/leds/bin/stm32f0discovery/stm32_common.a
LOAD /home/student/RIOT/tests/leds/bin/stm32f0discovery/stm32_common_periph.a
LOAD /home/student/RIOT/tests/leds/bin/stm32f0discovery/sys.a
LOAD /home/student/RIOT/tests/leds/bin/stm32f0discovery/tsrb.a
LOAD /home/student/RIOT/tests/leds/bin/stm32f0discovery/uart_stdio.a
LOAD /home/student/RIOT/tests/leds/bin/stm32f0discovery/xtimer.a
LOAD /home/student/RIOT/tests/leds/bin/stm32f0discovery/periph_common.a
LOAD /usr/bin/../lib/gcc/arm-none-eabi/7.3.1/../../../../arm-none-eabi/lib/thumb/v6-m/libm.a
END GROUP
LOAD /usr/bin/../lib/gcc/arm-none-eabi/7.3.1/thumb/v6-m/libgcc.a
                0x0000000008000000                _rom_start_addr = 0x8000000
                0x0000000020000000                _ram_start_addr = 0x20000000
                0x0000000000010000                _rom_length = 0x10000
                0x0000000000002000                _ram_length = 0x2000
LOAD /usr/bin/../lib/gcc/arm-none-eabi/7.3.1/../../../../arm-none-eabi/lib/thumb/v6-m/libc_nano.a
START GROUP
LOAD /usr/bin/../lib/gcc/arm-none-eabi/7.3.1/thumb/v6-m/libgcc.a
LOAD /usr/bin/../lib/gcc/arm-none-eabi/7.3.1/../../../../arm-none-eabi/lib/thumb/v6-m/libg_nano.a
LOAD /usr/bin/../lib/gcc/arm-none-eabi/7.3.1/../../../../arm-none-eabi/lib/thumb/v6-m/libc_nano.a
END GROUP
START GROUP
LOAD /usr/bin/../lib/gcc/arm-none-eabi/7.3.1/thumb/v6-m/libgcc.a
LOAD /usr/bin/../lib/gcc/arm-none-eabi/7.3.1/../../../../arm-none-eabi/lib/thumb/v6-m/libc_nano.a
END GROUP
                0x0000000000000000                ccmram_length = DEFINED (ccmram_len)?ccmram_len:0x0
                0x0000000000000000                _boot_offset = DEFINED (_rom_offset)?_rom_offset:0x0

.text           0x0000000008000000     0x2e5c
                0x0000000008000000                . = ALIGN (0x4)
                0x0000000008000000                _sfixed = .
                0x0000000008000000                _isr_vectors = DEFINED (_isr_vectors)?_isr_vectors:.
 *(SORT_BY_NAME(.vectors*))
 .vectors.0     0x0000000008000000       0x40 /home/student/RIOT/tests/leds/bin/stm32f0discovery/cortexm_common.a(vectors_cortexm.o)
                0x0000000008000000                cortex_vector_base
 .vectors.1     0x0000000008000040       0x7c /home/student/RIOT/tests/leds/bin/stm32f0discovery/cpu/vectors.o
                0x0000000008000040                vector_cpu
 *(.text .text.* .gnu.linkonce.t.*)
 .text.dummy_handler
                0x00000000080000bc        0x8 /home/student/RIOT/tests/leds/bin/stm32f0discovery/cpu/vectors.o
                0x00000000080000bc                isr_pvd
                0x00000000080000bc                isr_i2c1
                0x00000000080000bc                isr_tim16
                0x00000000080000bc                isr_tsc
                0x00000000080000bc                isr_cec_can
                0x00000000080000bc                isr_tim7
                0x00000000080000bc                isr_dma1_channel4_5
                0x00000000080000bc                isr_tim1_brk_up_trg_com
                0x00000000080000bc                isr_dma1_channel4_5_6_7
                0x00000000080000bc                isr_i2c2
                0x00000000080000bc                isr_dma1_channel2_3
                0x00000000080000bc                isr_spi2
                0x00000000080000bc                isr_dma1_channel1
                0x00000000080000bc                dummy_handler
                0x00000000080000bc                isr_dma1_ch1
                0x00000000080000bc                isr_spi1
                0x00000000080000bc                isr_tim6
                0x00000000080000bc                isr_rcc
                0x00000000080000bc                isr_flash
                0x00000000080000bc                isr_tim1_cc
                0x00000000080000bc                isr_tim14
                0x00000000080000bc                isr_usb
                0x00000000080000bc                isr_adc1_comp
                0x00000000080000bc                isr_usart3_4
                0x00000000080000bc                isr_tim17
                0x00000000080000bc                isr_adc1
                0x00000000080000bc                isr_tim6_dac
                0x00000000080000bc                isr_dma1_ch4_7_dma2_ch3_5
                0x00000000080000bc                isr_pvd_vddio2
                0x00000000080000bc                isr_tim3
                0x00000000080000bc                isr_tim15
                0x00000000080000bc                isr_rcc_crs
                0x00000000080000bc                isr_usart3_8
                0x00000000080000bc                isr_dma1_ch2_3_dma2_ch1_2
                0x00000000080000bc                isr_wwdg
 .text._init    0x00000000080000c4        0x8 /home/student/RIOT/tests/leds/bin/stm32f0discovery/newlib_syscalls_default/syscalls.o
                0x00000000080000c4                _init
 .text._fini    0x00000000080000cc        0x2 /home/student/RIOT/tests/leds/bin/stm32f0discovery/newlib_syscalls_default/syscalls.o
                0x00000000080000cc                _fini
 *fill*         0x00000000080000ce        0x2 
 .text._sbrk_r  0x00000000080000d0       0x3c /home/student/RIOT/tests/leds/bin/stm32f0discovery/newlib_syscalls_default/syscalls.o
                0x00000000080000d0                _sbrk_r
 .text._read_r  0x000000000800010c        0xc /home/student/RIOT/tests/leds/bin/stm32f0discovery/newlib_syscalls_default/syscalls.o
                0x000000000800010c                _read_r
 .text._write_r
                0x0000000008000118        0xc /home/student/RIOT/tests/leds/bin/stm32f0discovery/newlib_syscalls_default/syscalls.o
                0x0000000008000118                _write_r
 .text._close_r
                0x0000000008000124        0xa /home/student/RIOT/tests/leds/bin/stm32f0discovery/newlib_syscalls_default/syscalls.o
                0x0000000008000124                _close_r
 .text._lseek_r
                0x000000000800012e        0xa /home/student/RIOT/tests/leds/bin/stm32f0discovery/newlib_syscalls_default/syscalls.o
                0x000000000800012e                _lseek_r
 .text._fstat_r
                0x0000000008000138        0xa /home/student/RIOT/tests/leds/bin/stm32f0discovery/newlib_syscalls_default/syscalls.o
                0x0000000008000138                _fstat_r
 .text._isatty_r
                0x0000000008000142        0xe /home/student/RIOT/tests/leds/bin/stm32f0discovery/newlib_syscalls_default/syscalls.o
                0x0000000008000142                _isatty_r
 .text.sched_run
                0x0000000008000150       0x68 /home/student/RIOT/tests/leds/bin/stm32f0discovery/core.a(sched.o)
                0x0000000008000150                sched_run
 .text.sched_set_status
                0x00000000080001b8       0x7c /home/student/RIOT/tests/leds/bin/stm32f0discovery/core.a(sched.o)
                0x00000000080001b8                sched_set_status
 .text.sched_switch
                0x0000000008000234       0x30 /home/student/RIOT/tests/leds/bin/stm32f0discovery/core.a(sched.o)
                0x0000000008000234                sched_switch
 .text.sched_task_exit
                0x0000000008000264       0x3c /home/student/RIOT/tests/leds/bin/stm32f0discovery/core.a(sched.o)
                0x0000000008000264                sched_task_exit
 .text.thread_stack_init
                0x00000000080002a0       0x90 /home/student/RIOT/tests/leds/bin/stm32f0discovery/cortexm_common.a(thread_arch.o)
                0x00000000080002a0                thread_stack_init
 .text.cpu_switch_context_exit
                0x0000000008000330        0x8 /home/student/RIOT/tests/leds/bin/stm32f0discovery/cortexm_common.a(thread_arch.o)
                0x0000000008000330                cpu_switch_context_exit
 .text.thread_yield_higher
                0x0000000008000338       0x14 /home/student/RIOT/tests/leds/bin/stm32f0discovery/cortexm_common.a(thread_arch.o)
                0x0000000008000338                thread_yield_higher
 .text.isr_pendsv
                0x000000000800034c       0x28 /home/student/RIOT/tests/leds/bin/stm32f0discovery/cortexm_common.a(thread_arch.o)
                0x000000000800034c                isr_pendsv
 .text.isr_svc  0x0000000008000374       0x2c /home/student/RIOT/tests/leds/bin/stm32f0discovery/cortexm_common.a(thread_arch.o)
                0x0000000008000374                isr_svc
 .text.hard_fault_default
                0x00000000080003a0       0x70 /home/student/RIOT/tests/leds/bin/stm32f0discovery/cortexm_common.a(vectors_cortexm.o)
                0x00000000080003a0                hard_fault_default
 .text.nmi_default
                0x0000000008000410       0x10 /home/student/RIOT/tests/leds/bin/stm32f0discovery/cortexm_common.a(vectors_cortexm.o)
                0x0000000008000410                nmi_default
 .text.dummy_handler_default
                0x0000000008000420       0x10 /home/student/RIOT/tests/leds/bin/stm32f0discovery/cortexm_common.a(vectors_cortexm.o)
                0x0000000008000420                dummy_handler_default
                0x0000000008000420                isr_systick
 .text.pre_startup
                0x0000000008000430        0x2 /home/student/RIOT/tests/leds/bin/stm32f0discovery/cortexm_common.a(vectors_cortexm.o)
                0x0000000008000430                pre_startup
 .text.post_startup
                0x0000000008000432        0x2 /home/student/RIOT/tests/leds/bin/stm32f0discovery/cortexm_common.a(vectors_cortexm.o)
                0x0000000008000432                post_startup
 .text.reset_handler_default
                0x0000000008000434       0x68 /home/student/RIOT/tests/leds/bin/stm32f0discovery/cortexm_common.a(vectors_cortexm.o)
                0x0000000008000434                reset_handler_default
 .text.hard_fault_handler
                0x000000000800049c      0x118 /home/student/RIOT/tests/leds/bin/stm32f0discovery/cortexm_common.a(vectors_cortexm.o)
                0x000000000800049c                hard_fault_handler
 .text.irq_disable
                0x00000000080005b4        0x8 /home/student/RIOT/tests/leds/bin/stm32f0discovery/cortexm_common.a(irq_arch.o)
                0x00000000080005b4                irq_disable
 .text.irq_enable
                0x00000000080005bc        0x8 /home/student/RIOT/tests/leds/bin/stm32f0discovery/cortexm_common.a(irq_arch.o)
                0x00000000080005bc                irq_enable
 .text.irq_restore
                0x00000000080005c4        0x6 /home/student/RIOT/tests/leds/bin/stm32f0discovery/cortexm_common.a(irq_arch.o)
                0x00000000080005c4                irq_restore
 .text.irq_is_in
                0x00000000080005ca        0x8 /home/student/RIOT/tests/leds/bin/stm32f0discovery/cortexm_common.a(irq_arch.o)
                0x00000000080005ca                irq_is_in
 *fill*         0x00000000080005d2        0x2 
 .text.cortexm_sleep.constprop.0
                0x00000000080005d4       0x20 /home/student/RIOT/tests/leds/bin/stm32f0discovery/stm32_common_periph.a(pm.o)
 .text.pm_set   0x00000000080005f4       0x50 /home/student/RIOT/tests/leds/bin/stm32f0discovery/stm32_common_periph.a(pm.o)
                0x00000000080005f4                pm_set
 .text.pm_off   0x0000000008000644       0x14 /home/student/RIOT/tests/leds/bin/stm32f0discovery/stm32_common_periph.a(pm.o)
                0x0000000008000644                pm_off
 .text.uart_stdio_init
                0x0000000008000658       0x1c /home/student/RIOT/tests/leds/bin/stm32f0discovery/uart_stdio.a(uart_stdio.o)
                0x0000000008000658                uart_stdio_init
 .text.uart_stdio_read
                0x0000000008000674       0x14 /home/student/RIOT/tests/leds/bin/stm32f0discovery/uart_stdio.a(uart_stdio.o)
                0x0000000008000674                uart_stdio_read
 .text.uart_stdio_write
                0x0000000008000688       0x12 /home/student/RIOT/tests/leds/bin/stm32f0discovery/uart_stdio.a(uart_stdio.o)
                0x0000000008000688                uart_stdio_write
 .text._xtimer_lltimer_now
                0x000000000800069a        0xa /home/student/RIOT/tests/leds/bin/stm32f0discovery/xtimer.a(xtimer_core.o)
 .text._lltimer_set
                0x00000000080006a4       0x18 /home/student/RIOT/tests/leds/bin/stm32f0discovery/xtimer.a(xtimer_core.o)
 .text._add_timer_to_long_list.constprop.4
                0x00000000080006bc       0x2c /home/student/RIOT/tests/leds/bin/stm32f0discovery/xtimer.a(xtimer_core.o)
 .text._next_period
                0x00000000080006e8       0x9c /home/student/RIOT/tests/leds/bin/stm32f0discovery/xtimer.a(xtimer_core.o)
 .text._periph_timer_callback
                0x0000000008000784       0xbc /home/student/RIOT/tests/leds/bin/stm32f0discovery/xtimer.a(xtimer_core.o)
 .text._remove  0x0000000008000840       0x70 /home/student/RIOT/tests/leds/bin/stm32f0discovery/xtimer.a(xtimer_core.o)
 .text.xtimer_init
                0x00000000080008b0       0x20 /home/student/RIOT/tests/leds/bin/stm32f0discovery/xtimer.a(xtimer_core.o)
                0x00000000080008b0                xtimer_init
 .text._xtimer_set_absolute
                0x00000000080008d0       0xcc /home/student/RIOT/tests/leds/bin/stm32f0discovery/xtimer.a(xtimer_core.o)
                0x00000000080008d0                _xtimer_set_absolute
 .text.board_init
                0x000000000800099c       0x20 /home/student/RIOT/tests/leds/bin/stm32f0discovery/board.a(board.o)
                0x000000000800099c                board_init
 .text.panic_arch
                0x00000000080009bc        0x2 /home/student/RIOT/tests/leds/bin/stm32f0discovery/core.a(panic.o)
                0x00000000080009bc                panic_arch
 *fill*         0x00000000080009be        0x2 
 .text.core_panic
                0x00000000080009c0       0x48 /home/student/RIOT/tests/leds/bin/stm32f0discovery/core.a(panic.o)
                0x00000000080009c0                core_panic
 .text.main_trampoline
                0x0000000008000a08       0x18 /home/student/RIOT/tests/leds/bin/stm32f0discovery/core.a(kernel_init.o)
 .text.idle_thread
                0x0000000008000a20        0x8 /home/student/RIOT/tests/leds/bin/stm32f0discovery/core.a(kernel_init.o)
 .text.kernel_init
                0x0000000008000a28       0x58 /home/student/RIOT/tests/leds/bin/stm32f0discovery/core.a(kernel_init.o)
                0x0000000008000a28                kernel_init
 .text.thread_add_to_list
                0x0000000008000a80       0x34 /home/student/RIOT/tests/leds/bin/stm32f0discovery/core.a(thread.o)
                0x0000000008000a80                thread_add_to_list
 .text.thread_create
                0x0000000008000ab4       0xe8 /home/student/RIOT/tests/leds/bin/stm32f0discovery/core.a(thread.o)
                0x0000000008000ab4                thread_create
 .text.isrpipe_write_one
                0x0000000008000b9c       0x16 /home/student/RIOT/tests/leds/bin/stm32f0discovery/isrpipe.a(isrpipe.o)
                0x0000000008000b9c                isrpipe_write_one
 .text.isrpipe_read
                0x0000000008000bb2       0x24 /home/student/RIOT/tests/leds/bin/stm32f0discovery/isrpipe.a(isrpipe.o)
                0x0000000008000bb2                isrpipe_read
 *fill*         0x0000000008000bd6        0x2 
 .text.pm_set_lowest
                0x0000000008000bd8       0x38 /home/student/RIOT/tests/leds/bin/stm32f0discovery/pm_layered.a(pm.o)
                0x0000000008000bd8                pm_set_lowest
 .text.stmclk_init_sysclk
                0x0000000008000c10       0x98 /home/student/RIOT/tests/leds/bin/stm32f0discovery/stm32_common.a(stmclk.o)
                0x0000000008000c10                stmclk_init_sysclk
 .text.stmclk_enable_hsi
                0x0000000008000ca8       0x18 /home/student/RIOT/tests/leds/bin/stm32f0discovery/stm32_common.a(stmclk_common.o)
                0x0000000008000ca8                stmclk_enable_hsi
 .text.stmclk_disable_hsi
                0x0000000008000cc0       0x18 /home/student/RIOT/tests/leds/bin/stm32f0discovery/stm32_common.a(stmclk_common.o)
                0x0000000008000cc0                stmclk_disable_hsi
 .text.stmclk_enable_lfclk
                0x0000000008000cd8       0x18 /home/student/RIOT/tests/leds/bin/stm32f0discovery/stm32_common.a(stmclk_common.o)
                0x0000000008000cd8                stmclk_enable_lfclk
 .text.stmclk_dbp_unlock
                0x0000000008000cf0       0x14 /home/student/RIOT/tests/leds/bin/stm32f0discovery/stm32_common.a(stmclk_common.o)
                0x0000000008000cf0                stmclk_dbp_unlock
 .text.cpu_init_status
                0x0000000008000d04      0x164 /home/student/RIOT/tests/leds/bin/stm32f0discovery/stm32_common.a(stm_status.o)
                0x0000000008000d04                cpu_init_status
 .text.cpu_init
                0x0000000008000e68       0x1e /home/student/RIOT/tests/leds/bin/stm32f0discovery/stm32_common.a(cpu_init.o)
                0x0000000008000e68                cpu_init
 *fill*         0x0000000008000e86        0x2 
 .text.periph_apb_clk
                0x0000000008000e88        0xc /home/student/RIOT/tests/leds/bin/stm32f0discovery/stm32_common.a(cpu_common.o)
                0x0000000008000e88                periph_apb_clk
 .text.periph_timer_clk
                0x0000000008000e94       0x14 /home/student/RIOT/tests/leds/bin/stm32f0discovery/stm32_common.a(cpu_common.o)
                0x0000000008000e94                periph_timer_clk
 .text.periph_clk_en
                0x0000000008000ea8       0x34 /home/student/RIOT/tests/leds/bin/stm32f0discovery/stm32_common.a(cpu_common.o)
                0x0000000008000ea8                periph_clk_en
 .text.periph_clk_dis
                0x0000000008000edc       0x30 /home/student/RIOT/tests/leds/bin/stm32f0discovery/stm32_common.a(cpu_common.o)
                0x0000000008000edc                periph_clk_dis
 .text.irq_handler
                0x0000000008000f0c       0x48 /home/student/RIOT/tests/leds/bin/stm32f0discovery/stm32_common_periph.a(uart.o)
 .text.uart_set_baudrate
                0x0000000008000f54       0x80 /home/student/RIOT/tests/leds/bin/stm32f0discovery/stm32_common_periph.a(uart.o)
                0x0000000008000f54                uart_set_baudrate
 .text.uart_write
                0x0000000008000fd4       0x40 /home/student/RIOT/tests/leds/bin/stm32f0discovery/stm32_common_periph.a(uart.o)
                0x0000000008000fd4                uart_write
 .text.uart_poweron
                0x0000000008001014       0x28 /home/student/RIOT/tests/leds/bin/stm32f0discovery/stm32_common_periph.a(uart.o)
                0x0000000008001014                uart_poweron
 .text.uart_init_ext
                0x000000000800103c      0x124 /home/student/RIOT/tests/leds/bin/stm32f0discovery/stm32_common_periph.a(uart.o)
                0x000000000800103c                uart_init_ext
 .text.uart_init
                0x0000000008001160       0x16 /home/student/RIOT/tests/leds/bin/stm32f0discovery/stm32_common_periph.a(uart.o)
                0x0000000008001160                uart_init
 .text.isr_usart1
                0x0000000008001176        0xa /home/student/RIOT/tests/leds/bin/stm32f0discovery/stm32_common_periph.a(uart.o)
                0x0000000008001176                isr_usart1
 .text.isr_usart2
                0x0000000008001180        0xa /home/student/RIOT/tests/leds/bin/stm32f0discovery/stm32_common_periph.a(uart.o)
                0x0000000008001180                isr_usart2
 .text.gpio_init
                0x000000000800118a       0x7a /home/student/RIOT/tests/leds/bin/stm32f0discovery/stm32_common_periph.a(gpio.o)
                0x000000000800118a                gpio_init
 .text.gpio_init_af
                0x0000000008001204       0x40 /home/student/RIOT/tests/leds/bin/stm32f0discovery/stm32_common_periph.a(gpio.o)
                0x0000000008001204                gpio_init_af
 .text.gpio_read
                0x0000000008001244       0x3e /home/student/RIOT/tests/leds/bin/stm32f0discovery/stm32_common_periph.a(gpio.o)
                0x0000000008001244                gpio_read
 .text.gpio_set
                0x0000000008001282       0x14 /home/student/RIOT/tests/leds/bin/stm32f0discovery/stm32_common_periph.a(gpio.o)
                0x0000000008001282                gpio_set
 .text.gpio_clear
                0x0000000008001296       0x16 /home/student/RIOT/tests/leds/bin/stm32f0discovery/stm32_common_periph.a(gpio.o)
                0x0000000008001296                gpio_clear
 .text.gpio_toggle
                0x00000000080012ac       0x1c /home/student/RIOT/tests/leds/bin/stm32f0discovery/stm32_common_periph.a(gpio.o)
                0x00000000080012ac                gpio_toggle
 .text.isr_exti
                0x00000000080012c8       0x44 /home/student/RIOT/tests/leds/bin/stm32f0discovery/stm32_common_periph.a(gpio.o)
                0x00000000080012c8                isr_exti
 .text.timer_set_absolute
                0x000000000800130c       0x3c /home/student/RIOT/tests/leds/bin/stm32f0discovery/stm32_common_periph.a(timer.o)
                0x000000000800130c                timer_set_absolute
 .text.timer_read
                0x0000000008001348       0x10 /home/student/RIOT/tests/leds/bin/stm32f0discovery/stm32_common_periph.a(timer.o)
                0x0000000008001348                timer_read
 .text.timer_start
                0x0000000008001358       0x14 /home/student/RIOT/tests/leds/bin/stm32f0discovery/stm32_common_periph.a(timer.o)
                0x0000000008001358                timer_start
 .text.timer_init
                0x000000000800136c       0x58 /home/student/RIOT/tests/leds/bin/stm32f0discovery/stm32_common_periph.a(timer.o)
                0x000000000800136c                timer_init
 .text.isr_tim2
                0x00000000080013c4       0x44 /home/student/RIOT/tests/leds/bin/stm32f0discovery/stm32_common_periph.a(timer.o)
                0x00000000080013c4                isr_tim2
 .text.tsrb_get
                0x0000000008001408       0x2c /home/student/RIOT/tests/leds/bin/stm32f0discovery/tsrb.a(tsrb.o)
                0x0000000008001408                tsrb_get
 .text.tsrb_add_one
                0x0000000008001434       0x26 /home/student/RIOT/tests/leds/bin/stm32f0discovery/tsrb.a(tsrb.o)
                0x0000000008001434                tsrb_add_one
 .text.periph_init
                0x000000000800145a        0x8 /home/student/RIOT/tests/leds/bin/stm32f0discovery/periph_common.a(init.o)
                0x000000000800145a                periph_init
 *fill*         0x0000000008001462        0x2 
 .text.thread1_handler
                0x0000000008001464       0x24 /home/student/RIOT/tests/leds/bin/stm32f0discovery/application_tests_leds.a(main.o)
                0x0000000008001464                thread1_handler
 .text.thread2_handler
                0x0000000008001488       0x24 /home/student/RIOT/tests/leds/bin/stm32f0discovery/application_tests_leds.a(main.o)
                0x0000000008001488                thread2_handler
 .text.startup.main
                0x00000000080014ac       0x6c /home/student/RIOT/tests/leds/bin/stm32f0discovery/application_tests_leds.a(main.o)
                0x00000000080014ac                main
 .text.auto_init
                0x0000000008001518        0x8 /home/student/RIOT/tests/leds/bin/stm32f0discovery/auto_init.a(auto_init.o)
                0x0000000008001518                auto_init
 .text._mutex_lock
                0x0000000008001520       0x60 /home/student/RIOT/tests/leds/bin/stm32f0discovery/core.a(mutex.o)
                0x0000000008001520                _mutex_lock
 .text.mutex_unlock
                0x0000000008001580       0x4a /home/student/RIOT/tests/leds/bin/stm32f0discovery/core.a(mutex.o)
                0x0000000008001580                mutex_unlock
 *fill*         0x00000000080015ca        0x2 
 .text.cortexm_init
                0x00000000080015cc       0x70 /home/student/RIOT/tests/leds/bin/stm32f0discovery/cortexm_common.a(cortexm_init.o)
                0x00000000080015cc                cortexm_init
 .text.cpu_check_address
                0x000000000800163c       0x14 /home/student/RIOT/tests/leds/bin/stm32f0discovery/cortexm_common.a(cortexm_init.o)
                0x000000000800163c                cpu_check_address
 .text.cpu_find_memory_size
                0x0000000008001650       0x20 /home/student/RIOT/tests/leds/bin/stm32f0discovery/cortexm_common.a(cortexm_init.o)
                0x0000000008001650                cpu_find_memory_size
 .text.rtc_init
                0x0000000008001670       0xac /home/student/RIOT/tests/leds/bin/stm32f0discovery/stm32_common_periph.a(rtc.o)
                0x0000000008001670                rtc_init
 .text.isr_rtc  0x000000000800171c       0x4c /home/student/RIOT/tests/leds/bin/stm32f0discovery/stm32_common_periph.a(rtc.o)
                0x000000000800171c                isr_rtc
 .text._callback_unlock_mutex
                0x0000000008001768        0x8 /home/student/RIOT/tests/leds/bin/stm32f0discovery/xtimer.a(xtimer.o)
 .text._xtimer_spin
                0x0000000008001770       0x1a /home/student/RIOT/tests/leds/bin/stm32f0discovery/xtimer.a(xtimer.o)
 *fill*         0x000000000800178a        0x2 
 .text._xtimer_periodic_wakeup
                0x000000000800178c       0x74 /home/student/RIOT/tests/leds/bin/stm32f0discovery/xtimer.a(xtimer.o)
                0x000000000800178c                _xtimer_periodic_wakeup
 .text          0x0000000008001800      0x114 /usr/bin/../lib/gcc/arm-none-eabi/7.3.1/thumb/v6-m/libgcc.a(_udivsi3.o)
                0x0000000008001800                __udivsi3
                0x0000000008001800                __aeabi_uidiv
                0x000000000800190c                __aeabi_uidivmod
 .text          0x0000000008001914        0x4 /usr/bin/../lib/gcc/arm-none-eabi/7.3.1/thumb/v6-m/libgcc.a(_dvmd_tls.o)
                0x0000000008001914                __aeabi_ldiv0
                0x0000000008001914                __aeabi_idiv0
 .text.__libc_init_array
                0x0000000008001918       0x48 /usr/bin/../lib/gcc/arm-none-eabi/7.3.1/../../../../arm-none-eabi/lib/thumb/v6-m/libc_nano.a(lib_a-init.o)
                0x0000000008001918                __libc_init_array
 .text.memset   0x0000000008001960       0x10 /usr/bin/../lib/gcc/arm-none-eabi/7.3.1/../../../../arm-none-eabi/lib/thumb/v6-m/libc_nano.a(lib_a-memset.o)
                0x0000000008001960                memset
 .text.printf   0x0000000008001970       0x34 /usr/bin/../lib/gcc/arm-none-eabi/7.3.1/../../../../arm-none-eabi/lib/thumb/v6-m/libc_nano.a(lib_a-printf.o)
                0x0000000008001970                printf
                0x0000000008001970                iprintf
 .text._puts_r  0x00000000080019a4       0xc0 /usr/bin/../lib/gcc/arm-none-eabi/7.3.1/../../../../arm-none-eabi/lib/thumb/v6-m/libc_nano.a(lib_a-puts.o)
                0x00000000080019a4                _puts_r
 .text.puts     0x0000000008001a64       0x14 /usr/bin/../lib/gcc/arm-none-eabi/7.3.1/../../../../arm-none-eabi/lib/thumb/v6-m/libc_nano.a(lib_a-puts.o)
                0x0000000008001a64                puts
 .text.snprintf
                0x0000000008001a78       0x64 /usr/bin/../lib/gcc/arm-none-eabi/7.3.1/../../../../arm-none-eabi/lib/thumb/v6-m/libc_nano.a(lib_a-snprintf.o)
                0x0000000008001a78                snprintf
                0x0000000008001a78                sniprintf
 .text.__swbuf_r
                0x0000000008001adc       0xac /usr/bin/../lib/gcc/arm-none-eabi/7.3.1/../../../../arm-none-eabi/lib/thumb/v6-m/libc_nano.a(lib_a-wbuf.o)
                0x0000000008001adc                __swbuf_r
 .text.__swsetup_r
                0x0000000008001b88       0xec /usr/bin/../lib/gcc/arm-none-eabi/7.3.1/../../../../arm-none-eabi/lib/thumb/v6-m/libc_nano.a(lib_a-wsetup.o)
                0x0000000008001b88                __swsetup_r
 .text.__sflush_r
                0x0000000008001c74      0x114 /usr/bin/../lib/gcc/arm-none-eabi/7.3.1/../../../../arm-none-eabi/lib/thumb/v6-m/libc_nano.a(lib_a-fflush.o)
                0x0000000008001c74                __sflush_r
 .text._fflush_r
                0x0000000008001d88       0x58 /usr/bin/../lib/gcc/arm-none-eabi/7.3.1/../../../../arm-none-eabi/lib/thumb/v6-m/libc_nano.a(lib_a-fflush.o)
                0x0000000008001d88                _fflush_r
 .text.std      0x0000000008001de0       0x48 /usr/bin/../lib/gcc/arm-none-eabi/7.3.1/../../../../arm-none-eabi/lib/thumb/v6-m/libc_nano.a(lib_a-findfp.o)
 .text._cleanup_r
                0x0000000008001e28       0x10 /usr/bin/../lib/gcc/arm-none-eabi/7.3.1/../../../../arm-none-eabi/lib/thumb/v6-m/libc_nano.a(lib_a-findfp.o)
                0x0000000008001e28                _cleanup_r
 .text.__sfmoreglue
                0x0000000008001e38       0x2c /usr/bin/../lib/gcc/arm-none-eabi/7.3.1/../../../../arm-none-eabi/lib/thumb/v6-m/libc_nano.a(lib_a-findfp.o)
                0x0000000008001e38                __sfmoreglue
 .text.__sinit  0x0000000008001e64       0x68 /usr/bin/../lib/gcc/arm-none-eabi/7.3.1/../../../../arm-none-eabi/lib/thumb/v6-m/libc_nano.a(lib_a-findfp.o)
                0x0000000008001e64                __sinit
 .text.__sfp    0x0000000008001ecc       0x7c /usr/bin/../lib/gcc/arm-none-eabi/7.3.1/../../../../arm-none-eabi/lib/thumb/v6-m/libc_nano.a(lib_a-findfp.o)
                0x0000000008001ecc                __sfp
 .text._fwalk_reent
                0x0000000008001f48       0x42 /usr/bin/../lib/gcc/arm-none-eabi/7.3.1/../../../../arm-none-eabi/lib/thumb/v6-m/libc_nano.a(lib_a-fwalk.o)
                0x0000000008001f48                _fwalk_reent
 *fill*         0x0000000008001f8a        0x2 
 .text.__swhatbuf_r
                0x0000000008001f8c       0x50 /usr/bin/../lib/gcc/arm-none-eabi/7.3.1/../../../../arm-none-eabi/lib/thumb/v6-m/libc_nano.a(lib_a-makebuf.o)
                0x0000000008001f8c                __swhatbuf_r
 .text.__smakebuf_r
                0x0000000008001fdc       0x88 /usr/bin/../lib/gcc/arm-none-eabi/7.3.1/../../../../arm-none-eabi/lib/thumb/v6-m/libc_nano.a(lib_a-makebuf.o)
                0x0000000008001fdc                __smakebuf_r
 .text._free_r  0x0000000008002064       0x94 /usr/bin/../lib/gcc/arm-none-eabi/7.3.1/../../../../arm-none-eabi/lib/thumb/v6-m/libc_nano.a(lib_a-nano-freer.o)
                0x0000000008002064                _free_r
 .text._malloc_r
                0x00000000080020f8       0xbc /usr/bin/../lib/gcc/arm-none-eabi/7.3.1/../../../../arm-none-eabi/lib/thumb/v6-m/libc_nano.a(lib_a-nano-mallocr.o)
                0x00000000080020f8                _malloc_r
 .text.__ssputs_r
                0x00000000080021b4       0xc4 /usr/bin/../lib/gcc/arm-none-eabi/7.3.1/../../../../arm-none-eabi/lib/thumb/v6-m/libc_nano.a(lib_a-nano-svfprintf.o)
                0x00000000080021b4                __ssputs_r
 .text._svfprintf_r
                0x0000000008002278      0x1fc /usr/bin/../lib/gcc/arm-none-eabi/7.3.1/../../../../arm-none-eabi/lib/thumb/v6-m/libc_nano.a(lib_a-nano-svfprintf.o)
                0x0000000008002278                _svfprintf_r
                0x0000000008002278                _svfiprintf_r
 .text.__sfputc_r
                0x0000000008002474       0x2a /usr/bin/../lib/gcc/arm-none-eabi/7.3.1/../../../../arm-none-eabi/lib/thumb/v6-m/libc_nano.a(lib_a-nano-vfprintf.o)
 .text.__sfputs_r
                0x000000000800249e       0x24 /usr/bin/../lib/gcc/arm-none-eabi/7.3.1/../../../../arm-none-eabi/lib/thumb/v6-m/libc_nano.a(lib_a-nano-vfprintf.o)
                0x000000000800249e                __sfputs_r
 *fill*         0x00000000080024c2        0x2 
 .text._vfprintf_r
                0x00000000080024c4      0x22c /usr/bin/../lib/gcc/arm-none-eabi/7.3.1/../../../../arm-none-eabi/lib/thumb/v6-m/libc_nano.a(lib_a-nano-vfprintf.o)
                0x00000000080024c4                _vfiprintf_r
                0x00000000080024c4                _vfprintf_r
 .text._printf_common
                0x00000000080026f0       0xda /usr/bin/../lib/gcc/arm-none-eabi/7.3.1/../../../../arm-none-eabi/lib/thumb/v6-m/libc_nano.a(lib_a-nano-vfprintf_i.o)
                0x00000000080026f0                _printf_common
 *fill*         0x00000000080027ca        0x2 
 .text._printf_i
                0x00000000080027cc      0x210 /usr/bin/../lib/gcc/arm-none-eabi/7.3.1/../../../../arm-none-eabi/lib/thumb/v6-m/libc_nano.a(lib_a-nano-vfprintf_i.o)
                0x00000000080027cc                _printf_i
 .text.__sread  0x00000000080029dc       0x28 /usr/bin/../lib/gcc/arm-none-eabi/7.3.1/../../../../arm-none-eabi/lib/thumb/v6-m/libc_nano.a(lib_a-stdio.o)
                0x00000000080029dc                __sread
 .text.__swrite
                0x0000000008002a04       0x38 /usr/bin/../lib/gcc/arm-none-eabi/7.3.1/../../../../arm-none-eabi/lib/thumb/v6-m/libc_nano.a(lib_a-stdio.o)
                0x0000000008002a04                __swrite
 .text.__sseek  0x0000000008002a3c       0x2c /usr/bin/../lib/gcc/arm-none-eabi/7.3.1/../../../../arm-none-eabi/lib/thumb/v6-m/libc_nano.a(lib_a-stdio.o)
                0x0000000008002a3c                __sseek
 .text.__sclose
                0x0000000008002a68        0xc /usr/bin/../lib/gcc/arm-none-eabi/7.3.1/../../../../arm-none-eabi/lib/thumb/v6-m/libc_nano.a(lib_a-stdio.o)
                0x0000000008002a68                __sclose
 .text.memchr   0x0000000008002a74       0x16 /usr/bin/../lib/gcc/arm-none-eabi/7.3.1/../../../../arm-none-eabi/lib/thumb/v6-m/libc_nano.a(lib_a-memchr-stub.o)
                0x0000000008002a74                memchr
 .text.memcpy   0x0000000008002a8a       0x12 /usr/bin/../lib/gcc/arm-none-eabi/7.3.1/../../../../arm-none-eabi/lib/thumb/v6-m/libc_nano.a(lib_a-memcpy-stub.o)
                0x0000000008002a8a                memcpy
 .text.memmove  0x0000000008002a9c       0x26 /usr/bin/../lib/gcc/arm-none-eabi/7.3.1/../../../../arm-none-eabi/lib/thumb/v6-m/libc_nano.a(lib_a-memmove.o)
                0x0000000008002a9c                memmove
 .text.__malloc_lock
                0x0000000008002ac2        0x2 /usr/bin/../lib/gcc/arm-none-eabi/7.3.1/../../../../arm-none-eabi/lib/thumb/v6-m/libc_nano.a(lib_a-mlock.o)
                0x0000000008002ac2                __malloc_lock
 .text.__malloc_unlock
                0x0000000008002ac4        0x2 /usr/bin/../lib/gcc/arm-none-eabi/7.3.1/../../../../arm-none-eabi/lib/thumb/v6-m/libc_nano.a(lib_a-mlock.o)
                0x0000000008002ac4                __malloc_unlock
 .text._realloc_r
                0x0000000008002ac6       0x4c /usr/bin/../lib/gcc/arm-none-eabi/7.3.1/../../../../arm-none-eabi/lib/thumb/v6-m/libc_nano.a(lib_a-nano-reallocr.o)
                0x0000000008002ac6                _realloc_r
 .text._malloc_usable_size_r
                0x0000000008002b12       0x10 /usr/bin/../lib/gcc/arm-none-eabi/7.3.1/../../../../arm-none-eabi/lib/thumb/v6-m/libc_nano.a(lib_a-nano-msizer.o)
                0x0000000008002b12                _malloc_usable_size_r
 *(.glue_7t)
 .glue_7t       0x0000000008002b22        0x0 linker stubs
 *(.glue_7)
 .glue_7        0x0000000008002b22        0x0 linker stubs
 *(.rodata .rodata* .gnu.linkonce.r.*)
 .rodata.MultiplyDeBruijnBitPosition
                0x0000000008002b22       0x20 /home/student/RIOT/tests/leds/bin/stm32f0discovery/core.a(bitarithm.o)
                0x0000000008002b22                MultiplyDeBruijnBitPosition
 .rodata.dummy_handler_default.str1.1
                0x0000000008002b42        0xe /home/student/RIOT/tests/leds/bin/stm32f0discovery/cortexm_common.a(vectors_cortexm.o)
 .rodata.hard_fault_handler.str1.1
                0x0000000008002b50      0x18b /home/student/RIOT/tests/leds/bin/stm32f0discovery/cortexm_common.a(vectors_cortexm.o)
 .rodata.nmi_default.str1.1
                0x0000000008002cdb        0xc /home/student/RIOT/tests/leds/bin/stm32f0discovery/cortexm_common.a(vectors_cortexm.o)
 .rodata.assert_crash_message
                0x0000000008002ce7       0x12 /home/student/RIOT/tests/leds/bin/stm32f0discovery/core.a(panic.o)
                0x0000000008002ce7                assert_crash_message
 .rodata.core_panic.str1.1
                0x0000000008002cf9       0x2e /home/student/RIOT/tests/leds/bin/stm32f0discovery/core.a(panic.o)
 .rodata.main_trampoline.str1.1
                0x0000000008002d27       0x2a /home/student/RIOT/tests/leds/bin/stm32f0discovery/core.a(kernel_init.o)
 .rodata.str1.1
                0x0000000008002d51        0xa /home/student/RIOT/tests/leds/bin/stm32f0discovery/core.a(kernel_init.o)
 .rodata.CSWTCH.3
                0x0000000008002d5b        0x9 /home/student/RIOT/tests/leds/bin/stm32f0discovery/stm32_common.a(stm_status.o)
 .rodata.cpu_init_status.str1.1
                0x0000000008002d64        0xe /home/student/RIOT/tests/leds/bin/stm32f0discovery/stm32_common.a(stm_status.o)
 .rodata.apbmul
                0x0000000008002d72        0x2 /home/student/RIOT/tests/leds/bin/stm32f0discovery/stm32_common.a(cpu_common.o)
 .rodata.uart_config
                0x0000000008002d74       0x30 /home/student/RIOT/tests/leds/bin/stm32f0discovery/stm32_common_periph.a(uart.o)
 .rodata.timer_config
                0x0000000008002da4       0x10 /home/student/RIOT/tests/leds/bin/stm32f0discovery/stm32_common_periph.a(timer.o)
 .rodata.main.str1.1
                0x0000000008002db4       0x10 /home/student/RIOT/tests/leds/bin/stm32f0discovery/application_tests_leds.a(main.o)
 .rodata._global_impure_ptr
                0x0000000008002dc4        0x4 /usr/bin/../lib/gcc/arm-none-eabi/7.3.1/../../../../arm-none-eabi/lib/thumb/v6-m/libc_nano.a(lib_a-impure.o)
                0x0000000008002dc4                _global_impure_ptr
 .rodata.__sf_fake_stderr
                0x0000000008002dc8       0x20 /usr/bin/../lib/gcc/arm-none-eabi/7.3.1/../../../../arm-none-eabi/lib/thumb/v6-m/libc_nano.a(lib_a-findfp.o)
                0x0000000008002dc8                __sf_fake_stderr
 .rodata.__sf_fake_stdin
                0x0000000008002de8       0x20 /usr/bin/../lib/gcc/arm-none-eabi/7.3.1/../../../../arm-none-eabi/lib/thumb/v6-m/libc_nano.a(lib_a-findfp.o)
                0x0000000008002de8                __sf_fake_stdin
 .rodata.__sf_fake_stdout
                0x0000000008002e08       0x20 /usr/bin/../lib/gcc/arm-none-eabi/7.3.1/../../../../arm-none-eabi/lib/thumb/v6-m/libc_nano.a(lib_a-findfp.o)
                0x0000000008002e08                __sf_fake_stdout
 .rodata._svfprintf_r.str1.1
                0x0000000008002e28       0x11 /usr/bin/../lib/gcc/arm-none-eabi/7.3.1/../../../../arm-none-eabi/lib/thumb/v6-m/libc_nano.a(lib_a-nano-svfprintf.o)
 .rodata._vfprintf_r.str1.1
                0x0000000008002e39       0x11 /usr/bin/../lib/gcc/arm-none-eabi/7.3.1/../../../../arm-none-eabi/lib/thumb/v6-m/libc_nano.a(lib_a-nano-vfprintf.o)
 .rodata._printf_i.str1.1
                0x0000000008002e39       0x22 /usr/bin/../lib/gcc/arm-none-eabi/7.3.1/../../../../arm-none-eabi/lib/thumb/v6-m/libc_nano.a(lib_a-nano-vfprintf_i.o)
 *(.ARM.extab* .gnu.linkonce.armextab.*)
                0x0000000008002e5c                . = ALIGN (0x4)
 *fill*         0x0000000008002e5b        0x1 
 *(.init)
                0x0000000008002e5c                . = ALIGN (0x4)
                0x0000000008002e5c                __preinit_array_start = .
 *(.preinit_array)
                0x0000000008002e5c                __preinit_array_end = .
                0x0000000008002e5c                . = ALIGN (0x4)
                0x0000000008002e5c                __init_array_start = .
 *(SORT_BY_NAME(.init_array.*))
 *(.init_array)
                0x0000000008002e5c                __init_array_end = .
                0x0000000008002e5c                . = ALIGN (0x4)
 *crtbegin.o(.ctors)
 *(EXCLUDE_FILE(*crtend.o) .ctors)
 *(SORT_BY_NAME(.ctors.*))
 *crtend.o(.ctors)
                0x0000000008002e5c                . = ALIGN (0x4)
 *(.fini)
                0x0000000008002e5c                . = ALIGN (0x4)
                0x0000000008002e5c                __fini_array_start = .
 *(.fini_array)
 *(SORT_BY_NAME(.fini_array.*))
                0x0000000008002e5c                __fini_array_end = .
 *crtbegin.o(.dtors)
 *(EXCLUDE_FILE(*crtend.o) .dtors)
 *(SORT_BY_NAME(.dtors.*))
 *crtend.o(.dtors)
                0x0000000008002e5c                . = ALIGN (0x4)
                0x0000000008002e5c                _efixed = .
                [!provide]                        PROVIDE (__exidx_start = .)

.vfp11_veneer   0x0000000008002e5c        0x0
 .vfp11_veneer  0x0000000008002e5c        0x0 linker stubs

.v4_bx          0x0000000008002e5c        0x0
 .v4_bx         0x0000000008002e5c        0x0 linker stubs

.iplt           0x0000000008002e5c        0x0
 .iplt          0x0000000008002e5c        0x0 /home/student/RIOT/tests/leds/bin/stm32f0discovery/cpu/vectors.o

.igot.plt       0x0000000008002e5c        0x0
 .igot.plt      0x0000000008002e5c        0x0 /home/student/RIOT/tests/leds/bin/stm32f0discovery/cpu/vectors.o

.rel.dyn        0x0000000008002e5c        0x0
 .rel.iplt      0x0000000008002e5c        0x0 /home/student/RIOT/tests/leds/bin/stm32f0discovery/cpu/vectors.o

.ARM.exidx
 *(.ARM.exidx* .gnu.linkonce.armexidx.*)
                [!provide]                        PROVIDE (__exidx_end = .)
                0x0000000008002e5c                . = ALIGN (0x4)

.eh_frame
 *(.eh_frame)
                0x0000000008002e5c                . = ALIGN (0x4)
                0x0000000008002e5c                _etext = .

.stack          0x0000000020000000      0x200
 *(.puf)
                0x0000000020000000                . = ALIGN (0x8)
                0x0000000020000000                _sstack = .
 *(.isr_stack)
 .isr_stack     0x0000000020000000      0x200 /home/student/RIOT/tests/leds/bin/stm32f0discovery/cortexm_common.a(vectors_cortexm.o)
                0x0000000020000000                isr_stack
                0x0000000020000200                . = ALIGN (0x8)
                0x0000000020000200                _estack = .

.relocate       0x0000000020000200       0x8c load address 0x0000000008002e5c
                0x0000000020000200                . = ALIGN (0x4)
                0x0000000020000200                _srelocate = .
 *(.ramfunc .ramfunc.*)
 *(.data .data.*)
 .data.heap_top
                0x0000000020000200        0x4 /home/student/RIOT/tests/leds/bin/stm32f0discovery/newlib_syscalls_default/syscalls.o
                0x0000000020000200                heap_top
 .data.uart_stdio_isrpipe
                0x0000000020000204       0x14 /home/student/RIOT/tests/leds/bin/stm32f0discovery/uart_stdio.a(uart_stdio.o)
                0x0000000020000204                uart_stdio_isrpipe
 .data.idle_name
                0x0000000020000218        0x4 /home/student/RIOT/tests/leds/bin/stm32f0discovery/core.a(kernel_init.o)
                0x0000000020000218                idle_name
 .data.main_name
                0x000000002000021c        0x4 /home/student/RIOT/tests/leds/bin/stm32f0discovery/core.a(kernel_init.o)
                0x000000002000021c                main_name
 .data.pm_blocker
                0x0000000020000220        0x4 /home/student/RIOT/tests/leds/bin/stm32f0discovery/pm_layered.a(pm.o)
                0x0000000020000220                pm_blocker
 .data._impure_ptr
                0x0000000020000224        0x4 /usr/bin/../lib/gcc/arm-none-eabi/7.3.1/../../../../arm-none-eabi/lib/thumb/v6-m/libc_nano.a(lib_a-impure.o)
                0x0000000020000224                _impure_ptr
 .data.impure_data
                0x0000000020000228       0x60 /usr/bin/../lib/gcc/arm-none-eabi/7.3.1/../../../../arm-none-eabi/lib/thumb/v6-m/libc_nano.a(lib_a-impure.o)
 *(.openocd .openocd.*)
 .openocd       0x0000000020000288        0x2 /home/student/RIOT/tests/leds/bin/stm32f0discovery/core.a(sched.o)
                0x0000000020000288                _tcb_name_offset
                0x0000000020000289                max_threads
                0x000000002000028c                . = ALIGN (0x4)
 *fill*         0x000000002000028a        0x2 
                0x000000002000028c                _erelocate = .

.bss            0x000000002000028c     0x153c load address 0x0000000008002ee8
                0x000000002000028c                . = ALIGN (0x4)
                0x000000002000028c                _sbss = .
                0x000000002000028c                _szero = .
 *(.bss .bss.*)
 .bss.runqueue_bitcache
                0x000000002000028c        0x4 /home/student/RIOT/tests/leds/bin/stm32f0discovery/core.a(sched.o)
 .bss.sched_active_pid
                0x0000000020000290        0x2 /home/student/RIOT/tests/leds/bin/stm32f0discovery/core.a(sched.o)
                0x0000000020000290                sched_active_pid
 *fill*         0x0000000020000292        0x2 
 .bss.sched_active_thread
                0x0000000020000294        0x4 /home/student/RIOT/tests/leds/bin/stm32f0discovery/core.a(sched.o)
                0x0000000020000294                sched_active_thread
 .bss.sched_context_switch_request
                0x0000000020000298        0x4 /home/student/RIOT/tests/leds/bin/stm32f0discovery/core.a(sched.o)
                0x0000000020000298                sched_context_switch_request
 .bss.sched_num_threads
                0x000000002000029c        0x4 /home/student/RIOT/tests/leds/bin/stm32f0discovery/core.a(sched.o)
                0x000000002000029c                sched_num_threads
 .bss.sched_runqueues
                0x00000000200002a0       0x40 /home/student/RIOT/tests/leds/bin/stm32f0discovery/core.a(sched.o)
                0x00000000200002a0                sched_runqueues
 .bss.sched_threads
                0x00000000200002e0       0x84 /home/student/RIOT/tests/leds/bin/stm32f0discovery/core.a(sched.o)
                0x00000000200002e0                sched_threads
 .bss.powermode
                0x0000000020000364        0x1 /home/student/RIOT/tests/leds/bin/stm32f0discovery/stm32_common_periph.a(pm.o)
 .bss._rx_buf_mem
                0x0000000020000365       0x40 /home/student/RIOT/tests/leds/bin/stm32f0discovery/uart_stdio.a(uart_stdio.o)
 *fill*         0x00000000200003a5        0x3 
 .bss._in_handler
                0x00000000200003a8        0x4 /home/student/RIOT/tests/leds/bin/stm32f0discovery/xtimer.a(xtimer_core.o)
 .bss._long_cnt
                0x00000000200003ac        0x4 /home/student/RIOT/tests/leds/bin/stm32f0discovery/xtimer.a(xtimer_core.o)
 .bss.long_list_head
                0x00000000200003b0        0x4 /home/student/RIOT/tests/leds/bin/stm32f0discovery/xtimer.a(xtimer_core.o)
 .bss.overflow_list_head
                0x00000000200003b4        0x4 /home/student/RIOT/tests/leds/bin/stm32f0discovery/xtimer.a(xtimer_core.o)
 .bss.timer_list_head
                0x00000000200003b8        0x4 /home/student/RIOT/tests/leds/bin/stm32f0discovery/xtimer.a(xtimer_core.o)
 .bss.crashed   0x00000000200003bc        0x4 /home/student/RIOT/tests/leds/bin/stm32f0discovery/core.a(panic.o)
 .bss.idle_stack
                0x00000000200003c0      0x100 /home/student/RIOT/tests/leds/bin/stm32f0discovery/core.a(kernel_init.o)
 .bss.main_stack
                0x00000000200004c0      0xc00 /home/student/RIOT/tests/leds/bin/stm32f0discovery/core.a(kernel_init.o)
 .bss.cpu_status
                0x00000000200010c0       0x50 /home/student/RIOT/tests/leds/bin/stm32f0discovery/stm32_common.a(stm_status.o)
                0x00000000200010c0                cpu_status
 .bss.isr_ctx   0x0000000020001110       0x10 /home/student/RIOT/tests/leds/bin/stm32f0discovery/stm32_common_periph.a(uart.o)
 .bss.isr_ctx   0x0000000020001120       0x80 /home/student/RIOT/tests/leds/bin/stm32f0discovery/stm32_common_periph.a(gpio.o)
 .bss.isr_ctx   0x00000000200011a0        0x8 /home/student/RIOT/tests/leds/bin/stm32f0discovery/stm32_common_periph.a(timer.o)
 .bss.stack     0x00000000200011a8      0x300 /home/student/RIOT/tests/leds/bin/stm32f0discovery/application_tests_leds.a(main.o)
                0x00000000200011a8                stack
 .bss.stack2    0x00000000200014a8      0x300 /home/student/RIOT/tests/leds/bin/stm32f0discovery/application_tests_leds.a(main.o)
                0x00000000200014a8                stack2
 .bss.isr_ctx   0x00000000200017a8       0x18 /home/student/RIOT/tests/leds/bin/stm32f0discovery/stm32_common_periph.a(rtc.o)
 .bss.__malloc_free_list
                0x00000000200017c0        0x4 /usr/bin/../lib/gcc/arm-none-eabi/7.3.1/../../../../arm-none-eabi/lib/thumb/v6-m/libc_nano.a(lib_a-nano-mallocr.o)
                0x00000000200017c0                __malloc_free_list
 .bss.__malloc_sbrk_start
                0x00000000200017c4        0x4 /usr/bin/../lib/gcc/arm-none-eabi/7.3.1/../../../../arm-none-eabi/lib/thumb/v6-m/libc_nano.a(lib_a-nano-mallocr.o)
                0x00000000200017c4                __malloc_sbrk_start
 *(COMMON)
                0x00000000200017c8                . = ALIGN (0x4)
                0x00000000200017c8                _ebss = .
                0x00000000200017c8                _ezero = .
                0x00000000200017c8                . = ALIGN (0x4)
                0x00000000200017c8                _sheap = .
                0x0000000020002000                _eheap = (ORIGIN (ram) + LENGTH (ram))
                0x0000000020000000                _sram = ORIGIN (ram)
                0x0000000020002000                _eram = (ORIGIN (ram) + LENGTH (ram))
OUTPUT(/home/student/RIOT/tests/leds/bin/stm32f0discovery/tests_leds.elf elf32-littlearm)

.debug_info     0x0000000000000000    0x2610e
 .debug_info    0x0000000000000000       0xd7 /home/student/RIOT/tests/leds/bin/stm32f0discovery/cpu/vectors.o
 .debug_info    0x00000000000000d7     0x1c4a /home/student/RIOT/tests/leds/bin/stm32f0discovery/newlib_syscalls_default/syscalls.o
 .debug_info    0x0000000000001d21      0xe55 /home/student/RIOT/tests/leds/bin/stm32f0discovery/core.a(sched.o)
 .debug_info    0x0000000000002b76      0x936 /home/student/RIOT/tests/leds/bin/stm32f0discovery/core.a(bitarithm.o)
 .debug_info    0x00000000000034ac     0x1047 /home/student/RIOT/tests/leds/bin/stm32f0discovery/cortexm_common.a(thread_arch.o)
 .debug_info    0x00000000000044f3     0x11c9 /home/student/RIOT/tests/leds/bin/stm32f0discovery/cortexm_common.a(vectors_cortexm.o)
 .debug_info    0x00000000000056bc      0xe2b /home/student/RIOT/tests/leds/bin/stm32f0discovery/cortexm_common.a(irq_arch.o)
 .debug_info    0x00000000000064e7      0xf68 /home/student/RIOT/tests/leds/bin/stm32f0discovery/stm32_common_periph.a(pm.o)
 .debug_info    0x000000000000744f     0x1401 /home/student/RIOT/tests/leds/bin/stm32f0discovery/uart_stdio.a(uart_stdio.o)
 .debug_info    0x0000000000008850     0x1f94 /home/student/RIOT/tests/leds/bin/stm32f0discovery/xtimer.a(xtimer_core.o)
 .debug_info    0x000000000000a7e4     0x12ed /home/student/RIOT/tests/leds/bin/stm32f0discovery/board.a(board.o)
 .debug_info    0x000000000000bad1      0xe63 /home/student/RIOT/tests/leds/bin/stm32f0discovery/core.a(panic.o)
 .debug_info    0x000000000000c934      0xee5 /home/student/RIOT/tests/leds/bin/stm32f0discovery/core.a(kernel_init.o)
 .debug_info    0x000000000000d819     0x118c /home/student/RIOT/tests/leds/bin/stm32f0discovery/core.a(thread.o)
 .debug_info    0x000000000000e9a5     0x1894 /home/student/RIOT/tests/leds/bin/stm32f0discovery/isrpipe.a(isrpipe.o)
 .debug_info    0x0000000000010239      0xe7d /home/student/RIOT/tests/leds/bin/stm32f0discovery/pm_layered.a(pm.o)
 .debug_info    0x00000000000110b6     0x13e4 /home/student/RIOT/tests/leds/bin/stm32f0discovery/stm32_common.a(stmclk.o)
 .debug_info    0x000000000001249a     0x1376 /home/student/RIOT/tests/leds/bin/stm32f0discovery/stm32_common.a(stmclk_common.o)
 .debug_info    0x0000000000013810     0x15b0 /home/student/RIOT/tests/leds/bin/stm32f0discovery/stm32_common.a(stm_status.o)
 .debug_info    0x0000000000014dc0      0xd63 /home/student/RIOT/tests/leds/bin/stm32f0discovery/stm32_common.a(cpu_init.o)
 .debug_info    0x0000000000015b23     0x14bc /home/student/RIOT/tests/leds/bin/stm32f0discovery/stm32_common.a(cpu_common.o)
 .debug_info    0x0000000000016fdf     0x1bb3 /home/student/RIOT/tests/leds/bin/stm32f0discovery/stm32_common_periph.a(uart.o)
 .debug_info    0x0000000000018b92     0x1dcd /home/student/RIOT/tests/leds/bin/stm32f0discovery/stm32_common_periph.a(gpio.o)
 .debug_info    0x000000000001a95f     0x18ec /home/student/RIOT/tests/leds/bin/stm32f0discovery/stm32_common_periph.a(timer.o)
 .debug_info    0x000000000001c24b      0x32f /home/student/RIOT/tests/leds/bin/stm32f0discovery/tsrb.a(tsrb.o)
 .debug_info    0x000000000001c57a     0x1240 /home/student/RIOT/tests/leds/bin/stm32f0discovery/periph_common.a(init.o)
 .debug_info    0x000000000001d7ba     0x1642 /home/student/RIOT/tests/leds/bin/stm32f0discovery/application_tests_leds.a(main.o)
 .debug_info    0x000000000001edfc     0x125e /home/student/RIOT/tests/leds/bin/stm32f0discovery/auto_init.a(auto_init.o)
 .debug_info    0x000000000002005a      0xe9b /home/student/RIOT/tests/leds/bin/stm32f0discovery/core.a(mutex.o)
 .debug_info    0x0000000000020ef5     0x10ed /home/student/RIOT/tests/leds/bin/stm32f0discovery/cortexm_common.a(cortexm_init.o)
 .debug_info    0x0000000000021fe2     0x21ac /home/student/RIOT/tests/leds/bin/stm32f0discovery/stm32_common_periph.a(rtc.o)
 .debug_info    0x000000000002418e     0x1f80 /home/student/RIOT/tests/leds/bin/stm32f0discovery/xtimer.a(xtimer.o)

.debug_abbrev   0x0000000000000000     0x59e6
 .debug_abbrev  0x0000000000000000       0xaa /home/student/RIOT/tests/leds/bin/stm32f0discovery/cpu/vectors.o
 .debug_abbrev  0x00000000000000aa      0x431 /home/student/RIOT/tests/leds/bin/stm32f0discovery/newlib_syscalls_default/syscalls.o
 .debug_abbrev  0x00000000000004db      0x320 /home/student/RIOT/tests/leds/bin/stm32f0discovery/core.a(sched.o)
 .debug_abbrev  0x00000000000007fb      0x1bf /home/student/RIOT/tests/leds/bin/stm32f0discovery/core.a(bitarithm.o)
 .debug_abbrev  0x00000000000009ba      0x33b /home/student/RIOT/tests/leds/bin/stm32f0discovery/cortexm_common.a(thread_arch.o)
 .debug_abbrev  0x0000000000000cf5      0x350 /home/student/RIOT/tests/leds/bin/stm32f0discovery/cortexm_common.a(vectors_cortexm.o)
 .debug_abbrev  0x0000000000001045      0x24f /home/student/RIOT/tests/leds/bin/stm32f0discovery/cortexm_common.a(irq_arch.o)
 .debug_abbrev  0x0000000000001294      0x2e8 /home/student/RIOT/tests/leds/bin/stm32f0discovery/stm32_common_periph.a(pm.o)
 .debug_abbrev  0x000000000000157c      0x247 /home/student/RIOT/tests/leds/bin/stm32f0discovery/uart_stdio.a(uart_stdio.o)
 .debug_abbrev  0x00000000000017c3      0x512 /home/student/RIOT/tests/leds/bin/stm32f0discovery/xtimer.a(xtimer_core.o)
 .debug_abbrev  0x0000000000001cd5      0x1fa /home/student/RIOT/tests/leds/bin/stm32f0discovery/board.a(board.o)
 .debug_abbrev  0x0000000000001ecf      0x270 /home/student/RIOT/tests/leds/bin/stm32f0discovery/core.a(panic.o)
 .debug_abbrev  0x000000000000213f      0x241 /home/student/RIOT/tests/leds/bin/stm32f0discovery/core.a(kernel_init.o)
 .debug_abbrev  0x0000000000002380      0x351 /home/student/RIOT/tests/leds/bin/stm32f0discovery/core.a(thread.o)
 .debug_abbrev  0x00000000000026d1      0x338 /home/student/RIOT/tests/leds/bin/stm32f0discovery/isrpipe.a(isrpipe.o)
 .debug_abbrev  0x0000000000002a09      0x218 /home/student/RIOT/tests/leds/bin/stm32f0discovery/pm_layered.a(pm.o)
 .debug_abbrev  0x0000000000002c21      0x207 /home/student/RIOT/tests/leds/bin/stm32f0discovery/stm32_common.a(stmclk.o)
 .debug_abbrev  0x0000000000002e28      0x1c3 /home/student/RIOT/tests/leds/bin/stm32f0discovery/stm32_common.a(stmclk_common.o)
 .debug_abbrev  0x0000000000002feb      0x30e /home/student/RIOT/tests/leds/bin/stm32f0discovery/stm32_common.a(stm_status.o)
 .debug_abbrev  0x00000000000032f9      0x1f8 /home/student/RIOT/tests/leds/bin/stm32f0discovery/stm32_common.a(cpu_init.o)
 .debug_abbrev  0x00000000000034f1      0x2d5 /home/student/RIOT/tests/leds/bin/stm32f0discovery/stm32_common.a(cpu_common.o)
 .debug_abbrev  0x00000000000037c6      0x420 /home/student/RIOT/tests/leds/bin/stm32f0discovery/stm32_common_periph.a(uart.o)
 .debug_abbrev  0x0000000000003be6      0x443 /home/student/RIOT/tests/leds/bin/stm32f0discovery/stm32_common_periph.a(gpio.o)
 .debug_abbrev  0x0000000000004029      0x3c7 /home/student/RIOT/tests/leds/bin/stm32f0discovery/stm32_common_periph.a(timer.o)
 .debug_abbrev  0x00000000000043f0      0x171 /home/student/RIOT/tests/leds/bin/stm32f0discovery/tsrb.a(tsrb.o)
 .debug_abbrev  0x0000000000004561      0x1e1 /home/student/RIOT/tests/leds/bin/stm32f0discovery/periph_common.a(init.o)
 .debug_abbrev  0x0000000000004742      0x315 /home/student/RIOT/tests/leds/bin/stm32f0discovery/application_tests_leds.a(main.o)
 .debug_abbrev  0x0000000000004a57      0x1ec /home/student/RIOT/tests/leds/bin/stm32f0discovery/auto_init.a(auto_init.o)
 .debug_abbrev  0x0000000000004c43      0x2ae /home/student/RIOT/tests/leds/bin/stm32f0discovery/core.a(mutex.o)
 .debug_abbrev  0x0000000000004ef1      0x2c9 /home/student/RIOT/tests/leds/bin/stm32f0discovery/cortexm_common.a(cortexm_init.o)
 .debug_abbrev  0x00000000000051ba      0x435 /home/student/RIOT/tests/leds/bin/stm32f0discovery/stm32_common_periph.a(rtc.o)
 .debug_abbrev  0x00000000000055ef      0x3f7 /home/student/RIOT/tests/leds/bin/stm32f0discovery/xtimer.a(xtimer.o)

.debug_aranges  0x0000000000000000      0x8c0
 .debug_aranges
                0x0000000000000000       0x20 /home/student/RIOT/tests/leds/bin/stm32f0discovery/cpu/vectors.o
 .debug_aranges
                0x0000000000000020       0xb8 /home/student/RIOT/tests/leds/bin/stm32f0discovery/newlib_syscalls_default/syscalls.o
 .debug_aranges
                0x00000000000000d8       0x38 /home/student/RIOT/tests/leds/bin/stm32f0discovery/core.a(sched.o)
 .debug_aranges
                0x0000000000000110       0x28 /home/student/RIOT/tests/leds/bin/stm32f0discovery/core.a(bitarithm.o)
 .debug_aranges
                0x0000000000000138       0x60 /home/student/RIOT/tests/leds/bin/stm32f0discovery/cortexm_common.a(thread_arch.o)
 .debug_aranges
                0x0000000000000198       0x48 /home/student/RIOT/tests/leds/bin/stm32f0discovery/cortexm_common.a(vectors_cortexm.o)
 .debug_aranges
                0x00000000000001e0       0x38 /home/student/RIOT/tests/leds/bin/stm32f0discovery/cortexm_common.a(irq_arch.o)
 .debug_aranges
                0x0000000000000218       0x40 /home/student/RIOT/tests/leds/bin/stm32f0discovery/stm32_common_periph.a(pm.o)
 .debug_aranges
                0x0000000000000258       0x30 /home/student/RIOT/tests/leds/bin/stm32f0discovery/uart_stdio.a(uart_stdio.o)
 .debug_aranges
                0x0000000000000288       0x78 /home/student/RIOT/tests/leds/bin/stm32f0discovery/xtimer.a(xtimer_core.o)
 .debug_aranges
                0x0000000000000300       0x20 /home/student/RIOT/tests/leds/bin/stm32f0discovery/board.a(board.o)
 .debug_aranges
                0x0000000000000320       0x28 /home/student/RIOT/tests/leds/bin/stm32f0discovery/core.a(panic.o)
 .debug_aranges
                0x0000000000000348       0x30 /home/student/RIOT/tests/leds/bin/stm32f0discovery/core.a(kernel_init.o)
 .debug_aranges
                0x0000000000000378       0x60 /home/student/RIOT/tests/leds/bin/stm32f0discovery/core.a(thread.o)
 .debug_aranges
                0x00000000000003d8       0x48 /home/student/RIOT/tests/leds/bin/stm32f0discovery/isrpipe.a(isrpipe.o)
 .debug_aranges
                0x0000000000000420       0x30 /home/student/RIOT/tests/leds/bin/stm32f0discovery/pm_layered.a(pm.o)
 .debug_aranges
                0x0000000000000450       0x20 /home/student/RIOT/tests/leds/bin/stm32f0discovery/stm32_common.a(stmclk.o)
 .debug_aranges
                0x0000000000000470       0x48 /home/student/RIOT/tests/leds/bin/stm32f0discovery/stm32_common.a(stmclk_common.o)
 .debug_aranges
                0x00000000000004b8       0x28 /home/student/RIOT/tests/leds/bin/stm32f0discovery/stm32_common.a(stm_status.o)
 .debug_aranges
                0x00000000000004e0       0x20 /home/student/RIOT/tests/leds/bin/stm32f0discovery/stm32_common.a(cpu_init.o)
 .debug_aranges
                0x0000000000000500       0x40 /home/student/RIOT/tests/leds/bin/stm32f0discovery/stm32_common.a(cpu_common.o)
 .debug_aranges
                0x0000000000000540       0x60 /home/student/RIOT/tests/leds/bin/stm32f0discovery/stm32_common_periph.a(uart.o)
 .debug_aranges
                0x00000000000005a0       0x80 /home/student/RIOT/tests/leds/bin/stm32f0discovery/stm32_common_periph.a(gpio.o)
 .debug_aranges
                0x0000000000000620       0x68 /home/student/RIOT/tests/leds/bin/stm32f0discovery/stm32_common_periph.a(timer.o)
 .debug_aranges
                0x0000000000000688       0x38 /home/student/RIOT/tests/leds/bin/stm32f0discovery/tsrb.a(tsrb.o)
 .debug_aranges
                0x00000000000006c0       0x20 /home/student/RIOT/tests/leds/bin/stm32f0discovery/periph_common.a(init.o)
 .debug_aranges
                0x00000000000006e0       0x38 /home/student/RIOT/tests/leds/bin/stm32f0discovery/application_tests_leds.a(main.o)
 .debug_aranges
                0x0000000000000718       0x20 /home/student/RIOT/tests/leds/bin/stm32f0discovery/auto_init.a(auto_init.o)
 .debug_aranges
                0x0000000000000738       0x30 /home/student/RIOT/tests/leds/bin/stm32f0discovery/core.a(mutex.o)
 .debug_aranges
                0x0000000000000768       0x30 /home/student/RIOT/tests/leds/bin/stm32f0discovery/cortexm_common.a(cortexm_init.o)
 .debug_aranges
                0x0000000000000798       0x98 /home/student/RIOT/tests/leds/bin/stm32f0discovery/stm32_common_periph.a(rtc.o)
 .debug_aranges
                0x0000000000000830       0x90 /home/student/RIOT/tests/leds/bin/stm32f0discovery/xtimer.a(xtimer.o)

.debug_ranges   0x0000000000000000      0xf70
 .debug_ranges  0x0000000000000000       0x10 /home/student/RIOT/tests/leds/bin/stm32f0discovery/cpu/vectors.o
 .debug_ranges  0x0000000000000010       0xe8 /home/student/RIOT/tests/leds/bin/stm32f0discovery/newlib_syscalls_default/syscalls.o
 .debug_ranges  0x00000000000000f8       0x90 /home/student/RIOT/tests/leds/bin/stm32f0discovery/core.a(sched.o)
 .debug_ranges  0x0000000000000188       0x18 /home/student/RIOT/tests/leds/bin/stm32f0discovery/core.a(bitarithm.o)
 .debug_ranges  0x00000000000001a0       0x68 /home/student/RIOT/tests/leds/bin/stm32f0discovery/cortexm_common.a(thread_arch.o)
 .debug_ranges  0x0000000000000208       0x38 /home/student/RIOT/tests/leds/bin/stm32f0discovery/cortexm_common.a(vectors_cortexm.o)
 .debug_ranges  0x0000000000000240       0x28 /home/student/RIOT/tests/leds/bin/stm32f0discovery/cortexm_common.a(irq_arch.o)
 .debug_ranges  0x0000000000000268       0x48 /home/student/RIOT/tests/leds/bin/stm32f0discovery/stm32_common_periph.a(pm.o)
 .debug_ranges  0x00000000000002b0       0x20 /home/student/RIOT/tests/leds/bin/stm32f0discovery/uart_stdio.a(uart_stdio.o)
 .debug_ranges  0x00000000000002d0      0x1f8 /home/student/RIOT/tests/leds/bin/stm32f0discovery/xtimer.a(xtimer_core.o)
 .debug_ranges  0x00000000000004c8       0x10 /home/student/RIOT/tests/leds/bin/stm32f0discovery/board.a(board.o)
 .debug_ranges  0x00000000000004d8       0x18 /home/student/RIOT/tests/leds/bin/stm32f0discovery/core.a(panic.o)
 .debug_ranges  0x00000000000004f0       0x20 /home/student/RIOT/tests/leds/bin/stm32f0discovery/core.a(kernel_init.o)
 .debug_ranges  0x0000000000000510       0x98 /home/student/RIOT/tests/leds/bin/stm32f0discovery/core.a(thread.o)
 .debug_ranges  0x00000000000005a8       0x68 /home/student/RIOT/tests/leds/bin/stm32f0discovery/isrpipe.a(isrpipe.o)
 .debug_ranges  0x0000000000000610       0x20 /home/student/RIOT/tests/leds/bin/stm32f0discovery/pm_layered.a(pm.o)
 .debug_ranges  0x0000000000000630       0x10 /home/student/RIOT/tests/leds/bin/stm32f0discovery/stm32_common.a(stmclk.o)
 .debug_ranges  0x0000000000000640       0x38 /home/student/RIOT/tests/leds/bin/stm32f0discovery/stm32_common.a(stmclk_common.o)
 .debug_ranges  0x0000000000000678      0x128 /home/student/RIOT/tests/leds/bin/stm32f0discovery/stm32_common.a(stm_status.o)
 .debug_ranges  0x00000000000007a0       0x10 /home/student/RIOT/tests/leds/bin/stm32f0discovery/stm32_common.a(cpu_init.o)
 .debug_ranges  0x00000000000007b0       0x30 /home/student/RIOT/tests/leds/bin/stm32f0discovery/stm32_common.a(cpu_common.o)
 .debug_ranges  0x00000000000007e0       0x98 /home/student/RIOT/tests/leds/bin/stm32f0discovery/stm32_common_periph.a(uart.o)
 .debug_ranges  0x0000000000000878      0x188 /home/student/RIOT/tests/leds/bin/stm32f0discovery/stm32_common_periph.a(gpio.o)
 .debug_ranges  0x0000000000000a00       0xc8 /home/student/RIOT/tests/leds/bin/stm32f0discovery/stm32_common_periph.a(timer.o)
 .debug_ranges  0x0000000000000ac8       0x90 /home/student/RIOT/tests/leds/bin/stm32f0discovery/tsrb.a(tsrb.o)
 .debug_ranges  0x0000000000000b58       0x10 /home/student/RIOT/tests/leds/bin/stm32f0discovery/periph_common.a(init.o)
 .debug_ranges  0x0000000000000b68       0x40 /home/student/RIOT/tests/leds/bin/stm32f0discovery/application_tests_leds.a(main.o)
 .debug_ranges  0x0000000000000ba8       0x10 /home/student/RIOT/tests/leds/bin/stm32f0discovery/auto_init.a(auto_init.o)
 .debug_ranges  0x0000000000000bb8       0x80 /home/student/RIOT/tests/leds/bin/stm32f0discovery/core.a(mutex.o)
 .debug_ranges  0x0000000000000c38       0x78 /home/student/RIOT/tests/leds/bin/stm32f0discovery/cortexm_common.a(cortexm_init.o)
 .debug_ranges  0x0000000000000cb0      0x110 /home/student/RIOT/tests/leds/bin/stm32f0discovery/stm32_common_periph.a(rtc.o)
 .debug_ranges  0x0000000000000dc0      0x1b0 /home/student/RIOT/tests/leds/bin/stm32f0discovery/xtimer.a(xtimer.o)

.debug_macro    0x0000000000000000    0x21e6f
 .debug_macro   0x0000000000000000       0xe3 /home/student/RIOT/tests/leds/bin/stm32f0discovery/cpu/vectors.o
 .debug_macro   0x00000000000000e3      0xa3c /home/student/RIOT/tests/leds/bin/stm32f0discovery/cpu/vectors.o
 .debug_macro   0x0000000000000b1f       0xfa /home/student/RIOT/tests/leds/bin/stm32f0discovery/cpu/vectors.o
 .debug_macro   0x0000000000000c19       0x28 /home/student/RIOT/tests/leds/bin/stm32f0discovery/cpu/vectors.o
 .debug_macro   0x0000000000000c41       0x2e /home/student/RIOT/tests/leds/bin/stm32f0discovery/cpu/vectors.o
 .debug_macro   0x0000000000000c6f       0x22 /home/student/RIOT/tests/leds/bin/stm32f0discovery/cpu/vectors.o
 .debug_macro   0x0000000000000c91       0x22 /home/student/RIOT/tests/leds/bin/stm32f0discovery/cpu/vectors.o
 .debug_macro   0x0000000000000cb3       0x56 /home/student/RIOT/tests/leds/bin/stm32f0discovery/cpu/vectors.o
 .debug_macro   0x0000000000000d09       0x51 /home/student/RIOT/tests/leds/bin/stm32f0discovery/cpu/vectors.o
 .debug_macro   0x0000000000000d5a       0xef /home/student/RIOT/tests/leds/bin/stm32f0discovery/cpu/vectors.o
 .debug_macro   0x0000000000000e49       0x6a /home/student/RIOT/tests/leds/bin/stm32f0discovery/cpu/vectors.o
 .debug_macro   0x0000000000000eb3      0x1df /home/student/RIOT/tests/leds/bin/stm32f0discovery/cpu/vectors.o
 .debug_macro   0x0000000000001092       0x34 /home/student/RIOT/tests/leds/bin/stm32f0discovery/cpu/vectors.o
 .debug_macro   0x00000000000010c6       0x26 /home/student/RIOT/tests/leds/bin/stm32f0discovery/cpu/vectors.o
 .debug_macro   0x00000000000010ec      0x30d /home/student/RIOT/tests/leds/bin/stm32f0discovery/cpu/vectors.o
 .debug_macro   0x00000000000013f9     0x3dc2 /home/student/RIOT/tests/leds/bin/stm32f0discovery/cpu/vectors.o
 .debug_macro   0x00000000000051bb       0x35 /home/student/RIOT/tests/leds/bin/stm32f0discovery/cpu/vectors.o
 .debug_macro   0x00000000000051f0       0x34 /home/student/RIOT/tests/leds/bin/stm32f0discovery/cpu/vectors.o
 .debug_macro   0x0000000000005224       0x16 /home/student/RIOT/tests/leds/bin/stm32f0discovery/cpu/vectors.o
 .debug_macro   0x000000000000523a      0x497 /home/student/RIOT/tests/leds/bin/stm32f0discovery/newlib_syscalls_default/syscalls.o
 .debug_macro   0x00000000000056d1      0xa3c /home/student/RIOT/tests/leds/bin/stm32f0discovery/newlib_syscalls_default/syscalls.o
 .debug_macro   0x000000000000610d       0x40 /home/student/RIOT/tests/leds/bin/stm32f0discovery/newlib_syscalls_default/syscalls.o
 .debug_macro   0x000000000000614d       0x18 /home/student/RIOT/tests/leds/bin/stm32f0discovery/newlib_syscalls_default/syscalls.o
 .debug_macro   0x0000000000006165       0x5c /home/student/RIOT/tests/leds/bin/stm32f0discovery/newlib_syscalls_default/syscalls.o
 .debug_macro   0x00000000000061c1       0x3c /home/student/RIOT/tests/leds/bin/stm32f0discovery/newlib_syscalls_default/syscalls.o
 .debug_macro   0x00000000000061fd       0x34 /home/student/RIOT/tests/leds/bin/stm32f0discovery/newlib_syscalls_default/syscalls.o
 .debug_macro   0x0000000000006231       0x10 /home/student/RIOT/tests/leds/bin/stm32f0discovery/newlib_syscalls_default/syscalls.o
 .debug_macro   0x0000000000006241       0x57 /home/student/RIOT/tests/leds/bin/stm32f0discovery/newlib_syscalls_default/syscalls.o
 .debug_macro   0x0000000000006298       0xcf /home/student/RIOT/tests/leds/bin/stm32f0discovery/newlib_syscalls_default/syscalls.o
 .debug_macro   0x0000000000006367      0x353 /home/student/RIOT/tests/leds/bin/stm32f0discovery/newlib_syscalls_default/syscalls.o
 .debug_macro   0x00000000000066ba       0x10 /home/student/RIOT/tests/leds/bin/stm32f0discovery/newlib_syscalls_default/syscalls.o
 .debug_macro   0x00000000000066ca       0xb7 /home/student/RIOT/tests/leds/bin/stm32f0discovery/newlib_syscalls_default/syscalls.o
 .debug_macro   0x0000000000006781       0x52 /home/student/RIOT/tests/leds/bin/stm32f0discovery/newlib_syscalls_default/syscalls.o
 .debug_macro   0x00000000000067d3       0x1f /home/student/RIOT/tests/leds/bin/stm32f0discovery/newlib_syscalls_default/syscalls.o
 .debug_macro   0x00000000000067f2       0x43 /home/student/RIOT/tests/leds/bin/stm32f0discovery/newlib_syscalls_default/syscalls.o
 .debug_macro   0x0000000000006835       0x20 /home/student/RIOT/tests/leds/bin/stm32f0discovery/newlib_syscalls_default/syscalls.o
 .debug_macro   0x0000000000006855       0xb6 /home/student/RIOT/tests/leds/bin/stm32f0discovery/newlib_syscalls_default/syscalls.o
 .debug_macro   0x000000000000690b      0x4fe /home/student/RIOT/tests/leds/bin/stm32f0discovery/newlib_syscalls_default/syscalls.o
 .debug_macro   0x0000000000006e09      0x1a3 /home/student/RIOT/tests/leds/bin/stm32f0discovery/newlib_syscalls_default/syscalls.o
 .debug_macro   0x0000000000006fac       0x10 /home/student/RIOT/tests/leds/bin/stm32f0discovery/newlib_syscalls_default/syscalls.o
 .debug_macro   0x0000000000006fbc       0x35 /home/student/RIOT/tests/leds/bin/stm32f0discovery/newlib_syscalls_default/syscalls.o
 .debug_macro   0x0000000000006ff1       0x10 /home/student/RIOT/tests/leds/bin/stm32f0discovery/newlib_syscalls_default/syscalls.o
 .debug_macro   0x0000000000007001      0x241 /home/student/RIOT/tests/leds/bin/stm32f0discovery/newlib_syscalls_default/syscalls.o
 .debug_macro   0x0000000000007242       0x16 /home/student/RIOT/tests/leds/bin/stm32f0discovery/newlib_syscalls_default/syscalls.o
 .debug_macro   0x0000000000007258       0x10 /home/student/RIOT/tests/leds/bin/stm32f0discovery/newlib_syscalls_default/syscalls.o
 .debug_macro   0x0000000000007268       0x16 /home/student/RIOT/tests/leds/bin/stm32f0discovery/newlib_syscalls_default/syscalls.o
 .debug_macro   0x000000000000727e       0xff /home/student/RIOT/tests/leds/bin/stm32f0discovery/newlib_syscalls_default/syscalls.o
 .debug_macro   0x000000000000737d       0x16 /home/student/RIOT/tests/leds/bin/stm32f0discovery/newlib_syscalls_default/syscalls.o
 .debug_macro   0x0000000000007393       0x22 /home/student/RIOT/tests/leds/bin/stm32f0discovery/newlib_syscalls_default/syscalls.o
 .debug_macro   0x00000000000073b5       0x16 /home/student/RIOT/tests/leds/bin/stm32f0discovery/newlib_syscalls_default/syscalls.o
 .debug_macro   0x00000000000073cb       0x16 /home/student/RIOT/tests/leds/bin/stm32f0discovery/newlib_syscalls_default/syscalls.o
 .debug_macro   0x00000000000073e1       0x10 /home/student/RIOT/tests/leds/bin/stm32f0discovery/newlib_syscalls_default/syscalls.o
 .debug_macro   0x00000000000073f1       0x10 /home/student/RIOT/tests/leds/bin/stm32f0discovery/newlib_syscalls_default/syscalls.o
 .debug_macro   0x0000000000007401       0x2e /home/student/RIOT/tests/leds/bin/stm32f0discovery/newlib_syscalls_default/syscalls.o
 .debug_macro   0x000000000000742f       0xf5 /home/student/RIOT/tests/leds/bin/stm32f0discovery/newlib_syscalls_default/syscalls.o
 .debug_macro   0x0000000000007524       0x22 /home/student/RIOT/tests/leds/bin/stm32f0discovery/newlib_syscalls_default/syscalls.o
 .debug_macro   0x0000000000007546       0x2f /home/student/RIOT/tests/leds/bin/stm32f0discovery/newlib_syscalls_default/syscalls.o
 .debug_macro   0x0000000000007575       0x3a /home/student/RIOT/tests/leds/bin/stm32f0discovery/newlib_syscalls_default/syscalls.o
 .debug_macro   0x00000000000075af       0xd6 /home/student/RIOT/tests/leds/bin/stm32f0discovery/newlib_syscalls_default/syscalls.o
 .debug_macro   0x0000000000007685       0x10 /home/student/RIOT/tests/leds/bin/stm32f0discovery/newlib_syscalls_default/syscalls.o
 .debug_macro   0x0000000000007695      0x460 /home/student/RIOT/tests/leds/bin/stm32f0discovery/newlib_syscalls_default/syscalls.o
 .debug_macro   0x0000000000007af5       0x2b /home/student/RIOT/tests/leds/bin/stm32f0discovery/newlib_syscalls_default/syscalls.o
 .debug_macro   0x0000000000007b20       0xee /home/student/RIOT/tests/leds/bin/stm32f0discovery/newlib_syscalls_default/syscalls.o
 .debug_macro   0x0000000000007c0e       0x28 /home/student/RIOT/tests/leds/bin/stm32f0discovery/newlib_syscalls_default/syscalls.o
 .debug_macro   0x0000000000007c36       0x10 /home/student/RIOT/tests/leds/bin/stm32f0discovery/newlib_syscalls_default/syscalls.o
 .debug_macro   0x0000000000007c46       0x12 /home/student/RIOT/tests/leds/bin/stm32f0discovery/newlib_syscalls_default/syscalls.o
 .debug_macro   0x0000000000007c58       0xba /home/student/RIOT/tests/leds/bin/stm32f0discovery/newlib_syscalls_default/syscalls.o
 .debug_macro   0x0000000000007d12       0x1c /home/student/RIOT/tests/leds/bin/stm32f0discovery/newlib_syscalls_default/syscalls.o
 .debug_macro   0x0000000000007d2e       0xbe /home/student/RIOT/tests/leds/bin/stm32f0discovery/newlib_syscalls_default/syscalls.o
 .debug_macro   0x0000000000007dec       0x34 /home/student/RIOT/tests/leds/bin/stm32f0discovery/newlib_syscalls_default/syscalls.o
 .debug_macro   0x0000000000007e20       0x8a /home/student/RIOT/tests/leds/bin/stm32f0discovery/newlib_syscalls_default/syscalls.o
 .debug_macro   0x0000000000007eaa       0x1c /home/student/RIOT/tests/leds/bin/stm32f0discovery/newlib_syscalls_default/syscalls.o
 .debug_macro   0x0000000000007ec6       0x1c /home/student/RIOT/tests/leds/bin/stm32f0discovery/newlib_syscalls_default/syscalls.o
 .debug_macro   0x0000000000007ee2       0x1c /home/student/RIOT/tests/leds/bin/stm32f0discovery/newlib_syscalls_default/syscalls.o
 .debug_macro   0x0000000000007efe       0x10 /home/student/RIOT/tests/leds/bin/stm32f0discovery/newlib_syscalls_default/syscalls.o
 .debug_macro   0x0000000000007f0e       0x43 /home/student/RIOT/tests/leds/bin/stm32f0discovery/newlib_syscalls_default/syscalls.o
 .debug_macro   0x0000000000007f51       0x1c /home/student/RIOT/tests/leds/bin/stm32f0discovery/newlib_syscalls_default/syscalls.o
 .debug_macro   0x0000000000007f6d       0x34 /home/student/RIOT/tests/leds/bin/stm32f0discovery/newlib_syscalls_default/syscalls.o
 .debug_macro   0x0000000000007fa1       0x16 /home/student/RIOT/tests/leds/bin/stm32f0discovery/newlib_syscalls_default/syscalls.o
 .debug_macro   0x0000000000007fb7       0x7e /home/student/RIOT/tests/leds/bin/stm32f0discovery/newlib_syscalls_default/syscalls.o
 .debug_macro   0x0000000000008035       0x58 /home/student/RIOT/tests/leds/bin/stm32f0discovery/newlib_syscalls_default/syscalls.o
 .debug_macro   0x000000000000808d       0x10 /home/student/RIOT/tests/leds/bin/stm32f0discovery/newlib_syscalls_default/syscalls.o
 .debug_macro   0x000000000000809d       0x10 /home/student/RIOT/tests/leds/bin/stm32f0discovery/newlib_syscalls_default/syscalls.o
 .debug_macro   0x00000000000080ad      0x300 /home/student/RIOT/tests/leds/bin/stm32f0discovery/core.a(sched.o)
 .debug_macro   0x00000000000083ad      0xa3c /home/student/RIOT/tests/leds/bin/stm32f0discovery/core.a(sched.o)
 .debug_macro   0x0000000000008de9      0x16d /home/student/RIOT/tests/leds/bin/stm32f0discovery/core.a(sched.o)
 .debug_macro   0x0000000000008f56       0x46 /home/student/RIOT/tests/leds/bin/stm32f0discovery/core.a(sched.o)
 .debug_macro   0x0000000000008f9c       0x3a /home/student/RIOT/tests/leds/bin/stm32f0discovery/core.a(sched.o)
 .debug_macro   0x0000000000008fd6       0x25 /home/student/RIOT/tests/leds/bin/stm32f0discovery/core.a(sched.o)
 .debug_macro   0x0000000000008ffb       0x2e /home/student/RIOT/tests/leds/bin/stm32f0discovery/core.a(sched.o)
 .debug_macro   0x0000000000009029       0x1c /home/student/RIOT/tests/leds/bin/stm32f0discovery/core.a(sched.o)
 .debug_macro   0x0000000000009045      0x114 /home/student/RIOT/tests/leds/bin/stm32f0discovery/core.a(sched.o)
 .debug_macro   0x0000000000009159       0x1c /home/student/RIOT/tests/leds/bin/stm32f0discovery/core.a(sched.o)
 .debug_macro   0x0000000000009175      0x1cb /home/student/RIOT/tests/leds/bin/stm32f0discovery/core.a(bitarithm.o)
 .debug_macro   0x0000000000009340      0xa3c /home/student/RIOT/tests/leds/bin/stm32f0discovery/core.a(bitarithm.o)
 .debug_macro   0x0000000000009d7c       0x97 /home/student/RIOT/tests/leds/bin/stm32f0discovery/core.a(bitarithm.o)
 .debug_macro   0x0000000000009e13       0xf6 /home/student/RIOT/tests/leds/bin/stm32f0discovery/core.a(bitarithm.o)
 .debug_macro   0x0000000000009f09      0x2e8 /home/student/RIOT/tests/leds/bin/stm32f0discovery/cortexm_common.a(thread_arch.o)
 .debug_macro   0x000000000000a1f1      0xa3c /home/student/RIOT/tests/leds/bin/stm32f0discovery/cortexm_common.a(thread_arch.o)
 .debug_macro   0x000000000000ac2d       0x22 /home/student/RIOT/tests/leds/bin/stm32f0discovery/cortexm_common.a(thread_arch.o)
 .debug_macro   0x000000000000ac4f      0x30f /home/student/RIOT/tests/leds/bin/stm32f0discovery/cortexm_common.a(vectors_cortexm.o)
 .debug_macro   0x000000000000af5e      0xa3c /home/student/RIOT/tests/leds/bin/stm32f0discovery/cortexm_common.a(vectors_cortexm.o)
 .debug_macro   0x000000000000b99a       0x16 /home/student/RIOT/tests/leds/bin/stm32f0discovery/cortexm_common.a(vectors_cortexm.o)
 .debug_macro   0x000000000000b9b0       0x1c /home/student/RIOT/tests/leds/bin/stm32f0discovery/cortexm_common.a(vectors_cortexm.o)
 .debug_macro   0x000000000000b9cc      0x2d8 /home/student/RIOT/tests/leds/bin/stm32f0discovery/cortexm_common.a(irq_arch.o)
 .debug_macro   0x000000000000bca4      0xa3c /home/student/RIOT/tests/leds/bin/stm32f0discovery/cortexm_common.a(irq_arch.o)
 .debug_macro   0x000000000000c6e0      0x330 /home/student/RIOT/tests/leds/bin/stm32f0discovery/stm32_common_periph.a(pm.o)
 .debug_macro   0x000000000000ca10      0xa3c /home/student/RIOT/tests/leds/bin/stm32f0discovery/stm32_common_periph.a(pm.o)
 .debug_macro   0x000000000000d44c       0x84 /home/student/RIOT/tests/leds/bin/stm32f0discovery/stm32_common_periph.a(pm.o)
 .debug_macro   0x000000000000d4d0      0x386 /home/student/RIOT/tests/leds/bin/stm32f0discovery/uart_stdio.a(uart_stdio.o)
 .debug_macro   0x000000000000d856      0xa3c /home/student/RIOT/tests/leds/bin/stm32f0discovery/uart_stdio.a(uart_stdio.o)
 .debug_macro   0x000000000000e292       0xb8 /home/student/RIOT/tests/leds/bin/stm32f0discovery/uart_stdio.a(uart_stdio.o)
 .debug_macro   0x000000000000e34a       0x16 /home/student/RIOT/tests/leds/bin/stm32f0discovery/uart_stdio.a(uart_stdio.o)
 .debug_macro   0x000000000000e360       0x10 /home/student/RIOT/tests/leds/bin/stm32f0discovery/uart_stdio.a(uart_stdio.o)
 .debug_macro   0x000000000000e370      0x3ac /home/student/RIOT/tests/leds/bin/stm32f0discovery/xtimer.a(xtimer_core.o)
 .debug_macro   0x000000000000e71c      0xa3c /home/student/RIOT/tests/leds/bin/stm32f0discovery/xtimer.a(xtimer_core.o)
 .debug_macro   0x000000000000f158       0x10 /home/student/RIOT/tests/leds/bin/stm32f0discovery/xtimer.a(xtimer_core.o)
 .debug_macro   0x000000000000f168       0x16 /home/student/RIOT/tests/leds/bin/stm32f0discovery/xtimer.a(xtimer_core.o)
 .debug_macro   0x000000000000f17e      0x310 /home/student/RIOT/tests/leds/bin/stm32f0discovery/board.a(board.o)
 .debug_macro   0x000000000000f48e      0xa3c /home/student/RIOT/tests/leds/bin/stm32f0discovery/board.a(board.o)
 .debug_macro   0x000000000000feca      0x329 /home/student/RIOT/tests/leds/bin/stm32f0discovery/core.a(panic.o)
 .debug_macro   0x00000000000101f3      0xa3c /home/student/RIOT/tests/leds/bin/stm32f0discovery/core.a(panic.o)
 .debug_macro   0x0000000000010c2f      0x36c /home/student/RIOT/tests/leds/bin/stm32f0discovery/core.a(kernel_init.o)
 .debug_macro   0x0000000000010f9b      0xa3c /home/student/RIOT/tests/leds/bin/stm32f0discovery/core.a(kernel_init.o)
 .debug_macro   0x00000000000119d7      0x23b /home/student/RIOT/tests/leds/bin/stm32f0discovery/core.a(kernel_init.o)
 .debug_macro   0x0000000000011c12       0xdc /home/student/RIOT/tests/leds/bin/stm32f0discovery/core.a(kernel_init.o)
 .debug_macro   0x0000000000011cee      0x302 /home/student/RIOT/tests/leds/bin/stm32f0discovery/core.a(thread.o)
 .debug_macro   0x0000000000011ff0      0xa3c /home/student/RIOT/tests/leds/bin/stm32f0discovery/core.a(thread.o)
 .debug_macro   0x0000000000012a2c      0x3d0 /home/student/RIOT/tests/leds/bin/stm32f0discovery/isrpipe.a(isrpipe.o)
 .debug_macro   0x0000000000012dfc      0xa3c /home/student/RIOT/tests/leds/bin/stm32f0discovery/isrpipe.a(isrpipe.o)
 .debug_macro   0x0000000000013838       0x2e /home/student/RIOT/tests/leds/bin/stm32f0discovery/isrpipe.a(isrpipe.o)
 .debug_macro   0x0000000000013866       0x78 /home/student/RIOT/tests/leds/bin/stm32f0discovery/isrpipe.a(isrpipe.o)
 .debug_macro   0x00000000000138de      0x326 /home/student/RIOT/tests/leds/bin/stm32f0discovery/pm_layered.a(pm.o)
 .debug_macro   0x0000000000013c04      0xa3c /home/student/RIOT/tests/leds/bin/stm32f0discovery/pm_layered.a(pm.o)
 .debug_macro   0x0000000000014640      0x32a /home/student/RIOT/tests/leds/bin/stm32f0discovery/stm32_common.a(stmclk.o)
 .debug_macro   0x000000000001496a      0xa3c /home/student/RIOT/tests/leds/bin/stm32f0discovery/stm32_common.a(stmclk.o)
 .debug_macro   0x00000000000153a6      0x321 /home/student/RIOT/tests/leds/bin/stm32f0discovery/stm32_common.a(stmclk_common.o)
 .debug_macro   0x00000000000156c7      0xa3c /home/student/RIOT/tests/leds/bin/stm32f0discovery/stm32_common.a(stmclk_common.o)
 .debug_macro   0x0000000000016103      0x31d /home/student/RIOT/tests/leds/bin/stm32f0discovery/stm32_common.a(stm_status.o)
 .debug_macro   0x0000000000016420      0xa3c /home/student/RIOT/tests/leds/bin/stm32f0discovery/stm32_common.a(stm_status.o)
 .debug_macro   0x0000000000016e5c       0x10 /home/student/RIOT/tests/leds/bin/stm32f0discovery/stm32_common.a(stm_status.o)
 .debug_macro   0x0000000000016e6c      0x304 /home/student/RIOT/tests/leds/bin/stm32f0discovery/stm32_common.a(cpu_init.o)
 .debug_macro   0x0000000000017170      0xa3c /home/student/RIOT/tests/leds/bin/stm32f0discovery/stm32_common.a(cpu_init.o)
 .debug_macro   0x0000000000017bac      0x336 /home/student/RIOT/tests/leds/bin/stm32f0discovery/stm32_common.a(cpu_common.o)
 .debug_macro   0x0000000000017ee2      0xa3c /home/student/RIOT/tests/leds/bin/stm32f0discovery/stm32_common.a(cpu_common.o)
 .debug_macro   0x000000000001891e      0x335 /home/student/RIOT/tests/leds/bin/stm32f0discovery/stm32_common_periph.a(uart.o)
 .debug_macro   0x0000000000018c53      0xa3c /home/student/RIOT/tests/leds/bin/stm32f0discovery/stm32_common_periph.a(uart.o)
 .debug_macro   0x000000000001968f      0x307 /home/student/RIOT/tests/leds/bin/stm32f0discovery/stm32_common_periph.a(gpio.o)
 .debug_macro   0x0000000000019996      0xa3c /home/student/RIOT/tests/leds/bin/stm32f0discovery/stm32_common_periph.a(gpio.o)
 .debug_macro   0x000000000001a3d2      0x310 /home/student/RIOT/tests/leds/bin/stm32f0discovery/stm32_common_periph.a(timer.o)
 .debug_macro   0x000000000001a6e2      0xa3c /home/student/RIOT/tests/leds/bin/stm32f0discovery/stm32_common_periph.a(timer.o)
 .debug_macro   0x000000000001b11e       0x5f /home/student/RIOT/tests/leds/bin/stm32f0discovery/tsrb.a(tsrb.o)
 .debug_macro   0x000000000001b17d      0xa3c /home/student/RIOT/tests/leds/bin/stm32f0discovery/tsrb.a(tsrb.o)
 .debug_macro   0x000000000001bbb9      0x342 /home/student/RIOT/tests/leds/bin/stm32f0discovery/periph_common.a(init.o)
 .debug_macro   0x000000000001befb      0xa3c /home/student/RIOT/tests/leds/bin/stm32f0discovery/periph_common.a(init.o)
 .debug_macro   0x000000000001c937       0x10 /home/student/RIOT/tests/leds/bin/stm32f0discovery/periph_common.a(init.o)
 .debug_macro   0x000000000001c947      0x3b3 /home/student/RIOT/tests/leds/bin/stm32f0discovery/application_tests_leds.a(main.o)
 .debug_macro   0x000000000001ccfa      0xa3c /home/student/RIOT/tests/leds/bin/stm32f0discovery/application_tests_leds.a(main.o)
 .debug_macro   0x000000000001d736      0x3bc /home/student/RIOT/tests/leds/bin/stm32f0discovery/auto_init.a(auto_init.o)
 .debug_macro   0x000000000001daf2      0xa3c /home/student/RIOT/tests/leds/bin/stm32f0discovery/auto_init.a(auto_init.o)
 .debug_macro   0x000000000001e52e      0x2f9 /home/student/RIOT/tests/leds/bin/stm32f0discovery/core.a(mutex.o)
 .debug_macro   0x000000000001e827      0xa3c /home/student/RIOT/tests/leds/bin/stm32f0discovery/core.a(mutex.o)
 .debug_macro   0x000000000001f263      0x1e5 /home/student/RIOT/tests/leds/bin/stm32f0discovery/core.a(mutex.o)
 .debug_macro   0x000000000001f448      0x307 /home/student/RIOT/tests/leds/bin/stm32f0discovery/cortexm_common.a(cortexm_init.o)
 .debug_macro   0x000000000001f74f      0xa3c /home/student/RIOT/tests/leds/bin/stm32f0discovery/cortexm_common.a(cortexm_init.o)
 .debug_macro   0x000000000002018b      0x4a1 /home/student/RIOT/tests/leds/bin/stm32f0discovery/stm32_common_periph.a(rtc.o)
 .debug_macro   0x000000000002062c      0xa3c /home/student/RIOT/tests/leds/bin/stm32f0discovery/stm32_common_periph.a(rtc.o)
 .debug_macro   0x0000000000021068      0x3cb /home/student/RIOT/tests/leds/bin/stm32f0discovery/xtimer.a(xtimer.o)
 .debug_macro   0x0000000000021433      0xa3c /home/student/RIOT/tests/leds/bin/stm32f0discovery/xtimer.a(xtimer.o)

.debug_line     0x0000000000000000     0xcac7
 .debug_line    0x0000000000000000      0x2e5 /home/student/RIOT/tests/leds/bin/stm32f0discovery/cpu/vectors.o
 .debug_line    0x00000000000002e5      0x936 /home/student/RIOT/tests/leds/bin/stm32f0discovery/newlib_syscalls_default/syscalls.o
 .debug_line    0x0000000000000c1b      0x5ae /home/student/RIOT/tests/leds/bin/stm32f0discovery/core.a(sched.o)
 .debug_line    0x00000000000011c9      0x40f /home/student/RIOT/tests/leds/bin/stm32f0discovery/core.a(bitarithm.o)
 .debug_line    0x00000000000015d8      0x5fc /home/student/RIOT/tests/leds/bin/stm32f0discovery/cortexm_common.a(thread_arch.o)
 .debug_line    0x0000000000001bd4      0x63b /home/student/RIOT/tests/leds/bin/stm32f0discovery/cortexm_common.a(vectors_cortexm.o)
 .debug_line    0x000000000000220f      0x55c /home/student/RIOT/tests/leds/bin/stm32f0discovery/cortexm_common.a(irq_arch.o)
 .debug_line    0x000000000000276b      0x650 /home/student/RIOT/tests/leds/bin/stm32f0discovery/stm32_common_periph.a(pm.o)
 .debug_line    0x0000000000002dbb      0x666 /home/student/RIOT/tests/leds/bin/stm32f0discovery/uart_stdio.a(uart_stdio.o)
 .debug_line    0x0000000000003421      0x929 /home/student/RIOT/tests/leds/bin/stm32f0discovery/xtimer.a(xtimer_core.o)
 .debug_line    0x0000000000003d4a      0x5d7 /home/student/RIOT/tests/leds/bin/stm32f0discovery/board.a(board.o)
 .debug_line    0x0000000000004321      0x5ee /home/student/RIOT/tests/leds/bin/stm32f0discovery/core.a(panic.o)
 .debug_line    0x000000000000490f      0x61d /home/student/RIOT/tests/leds/bin/stm32f0discovery/core.a(kernel_init.o)
 .debug_line    0x0000000000004f2c      0x65a /home/student/RIOT/tests/leds/bin/stm32f0discovery/core.a(thread.o)
 .debug_line    0x0000000000005586      0x764 /home/student/RIOT/tests/leds/bin/stm32f0discovery/isrpipe.a(isrpipe.o)
 .debug_line    0x0000000000005cea      0x5e8 /home/student/RIOT/tests/leds/bin/stm32f0discovery/pm_layered.a(pm.o)
 .debug_line    0x00000000000062d2      0x5d2 /home/student/RIOT/tests/leds/bin/stm32f0discovery/stm32_common.a(stmclk.o)
 .debug_line    0x00000000000068a4      0x612 /home/student/RIOT/tests/leds/bin/stm32f0discovery/stm32_common.a(stmclk_common.o)
 .debug_line    0x0000000000006eb6      0x6b9 /home/student/RIOT/tests/leds/bin/stm32f0discovery/stm32_common.a(stm_status.o)
 .debug_line    0x000000000000756f      0x598 /home/student/RIOT/tests/leds/bin/stm32f0discovery/stm32_common.a(cpu_init.o)
 .debug_line    0x0000000000007b07      0x623 /home/student/RIOT/tests/leds/bin/stm32f0discovery/stm32_common.a(cpu_common.o)
 .debug_line    0x000000000000812a      0x75d /home/student/RIOT/tests/leds/bin/stm32f0discovery/stm32_common_periph.a(uart.o)
 .debug_line    0x0000000000008887      0x7fa /home/student/RIOT/tests/leds/bin/stm32f0discovery/stm32_common_periph.a(gpio.o)
 .debug_line    0x0000000000009081      0x720 /home/student/RIOT/tests/leds/bin/stm32f0discovery/stm32_common_periph.a(timer.o)
 .debug_line    0x00000000000097a1      0x1dc /home/student/RIOT/tests/leds/bin/stm32f0discovery/tsrb.a(tsrb.o)
 .debug_line    0x000000000000997d      0x5fa /home/student/RIOT/tests/leds/bin/stm32f0discovery/periph_common.a(init.o)
 .debug_line    0x0000000000009f77      0x6f8 /home/student/RIOT/tests/leds/bin/stm32f0discovery/application_tests_leds.a(main.o)
 .debug_line    0x000000000000a66f      0x695 /home/student/RIOT/tests/leds/bin/stm32f0discovery/auto_init.a(auto_init.o)
 .debug_line    0x000000000000ad04      0x57e /home/student/RIOT/tests/leds/bin/stm32f0discovery/core.a(mutex.o)
 .debug_line    0x000000000000b282      0x633 /home/student/RIOT/tests/leds/bin/stm32f0discovery/cortexm_common.a(cortexm_init.o)
 .debug_line    0x000000000000b8b5      0x925 /home/student/RIOT/tests/leds/bin/stm32f0discovery/stm32_common_periph.a(rtc.o)
 .debug_line    0x000000000000c1da      0x8ed /home/student/RIOT/tests/leds/bin/stm32f0discovery/xtimer.a(xtimer.o)

.debug_str      0x0000000000000000    0x27d9e
 .debug_str     0x0000000000000000    0x1c269 /home/student/RIOT/tests/leds/bin/stm32f0discovery/cpu/vectors.o
                                      0x1c3d7 (size before relaxing)
 .debug_str     0x000000000001c269     0x8550 /home/student/RIOT/tests/leds/bin/stm32f0discovery/newlib_syscalls_default/syscalls.o
                                      0x24b03 (size before relaxing)
 .debug_str     0x00000000000247b9      0x377 /home/student/RIOT/tests/leds/bin/stm32f0discovery/core.a(sched.o)
                                      0x22048 (size before relaxing)
 .debug_str     0x0000000000024b30       0x90 /home/student/RIOT/tests/leds/bin/stm32f0discovery/core.a(bitarithm.o)
                                      0x1ff6b (size before relaxing)
 .debug_str     0x0000000000024bc0      0x210 /home/student/RIOT/tests/leds/bin/stm32f0discovery/cortexm_common.a(thread_arch.o)
                                      0x21f1c (size before relaxing)
 .debug_str     0x0000000000024dd0      0x380 /home/student/RIOT/tests/leds/bin/stm32f0discovery/cortexm_common.a(vectors_cortexm.o)
                                      0x2249c (size before relaxing)
 .debug_str     0x0000000000025150       0xcc /home/student/RIOT/tests/leds/bin/stm32f0discovery/cortexm_common.a(irq_arch.o)
                                      0x21dda (size before relaxing)
 .debug_str     0x000000000002521c      0x175 /home/student/RIOT/tests/leds/bin/stm32f0discovery/stm32_common_periph.a(pm.o)
                                      0x222e0 (size before relaxing)
 .debug_str     0x0000000000025391      0x1e0 /home/student/RIOT/tests/leds/bin/stm32f0discovery/uart_stdio.a(uart_stdio.o)
                                      0x22b80 (size before relaxing)
 .debug_str     0x0000000000025571      0x329 /home/student/RIOT/tests/leds/bin/stm32f0discovery/xtimer.a(xtimer_core.o)
                                      0x22fa3 (size before relaxing)
 .debug_str     0x000000000002589a      0x135 /home/student/RIOT/tests/leds/bin/stm32f0discovery/board.a(board.o)
                                      0x22854 (size before relaxing)
 .debug_str     0x00000000000259cf       0xaa /home/student/RIOT/tests/leds/bin/stm32f0discovery/core.a(panic.o)
                                      0x222b8 (size before relaxing)
 .debug_str     0x0000000000025a79       0xe3 /home/student/RIOT/tests/leds/bin/stm32f0discovery/core.a(kernel_init.o)
                                      0x2285d (size before relaxing)